Copyright 1986-2017 Xilinx, Inc. All Rights Reserved.
------------------------------------------------------------------------------------------
| Tool Version : Vivado v.2017.2 (lin64) Build 1909853 Thu Jun 15 18:39:10 MDT 2017
| Date         : Mon Oct 16 00:53:22 2017
| Host         : alga-satellite running 64-bit Ubuntu 16.04.3 LTS
| Command      : report_clock_utilization -file ov13850_demo_clock_utilization_routed.rpt
| Design       : ov13850_demo
| Device       : 7a100t-csg324
| Speed File   : -2  PRODUCTION 1.17 2017-05-11
------------------------------------------------------------------------------------------

Clock Utilization Report

Table of Contents
-----------------
1. Clock Primitive Utilization
2. Global Clock Resources
3. Global Clock Source Details
4. Local Clock Details
5. Clock Regions: Key Resource Utilization
6. Clock Regions : Global Clock Summary
7. Device Cell Placement Summary for Global Clock g0
8. Device Cell Placement Summary for Global Clock g1
9. Device Cell Placement Summary for Global Clock g2
10. Device Cell Placement Summary for Global Clock g3
11. Device Cell Placement Summary for Global Clock g4
12. Device Cell Placement Summary for Global Clock g5
13. Device Cell Placement Summary for Global Clock g6
14. Device Cell Placement Summary for Global Clock g7
15. Device Cell Placement Summary for Global Clock g8
16. Device Cell Placement Summary for Global Clock g9
17. Device Cell Placement Summary for Global Clock g10
18. Device Cell Placement Summary for Global Clock g11
19. Device Cell Placement Summary for Global Clock g12
20. Device Cell Placement Summary for Global Clock g13
21. Device Cell Placement Summary for Global Clock g14
22. Clock Region Cell Placement per Global Clock: Region X0Y0
23. Clock Region Cell Placement per Global Clock: Region X0Y1
24. Clock Region Cell Placement per Global Clock: Region X1Y1
25. Clock Region Cell Placement per Global Clock: Region X0Y2
26. Clock Region Cell Placement per Global Clock: Region X1Y2
27. Clock Region Cell Placement per Global Clock: Region X0Y3
28. Clock Region Cell Placement per Global Clock: Region X1Y3

1. Clock Primitive Utilization
------------------------------

+----------+------+-----------+-----+--------------+--------+
| Type     | Used | Available | LOC | Clock Region | Pblock |
+----------+------+-----------+-----+--------------+--------+
| BUFGCTRL |   11 |        32 |   0 |            0 |      0 |
| BUFH     |    1 |        96 |   0 |            0 |      0 |
| BUFIO    |    1 |        24 |   1 |            0 |      0 |
| BUFMR    |    0 |        12 |   0 |            0 |      0 |
| BUFR     |    3 |        24 |   0 |            0 |      0 |
| MMCM     |    2 |         6 |   1 |            0 |      0 |
| PLL      |    3 |         6 |   1 |            0 |      0 |
+----------+------+-----------+-----+--------------+--------+


2. Global Clock Resources
-------------------------

+-----------+-----------+-----------------+------------+----------------+--------------+-------------------+-------------+-----------------+--------------+--------------------------------------------------------------------------------------------+----------------------------------------------------------------------+------------------------------------------------------------+
| Global Id | Source Id | Driver Type/Pin | Constraint | Site           | Clock Region | Load Clock Region | Clock Loads | Non-Clock Loads | Clock Period | Clock                                                                                      | Driver Pin                                                           | Net                                                        |
+-----------+-----------+-----------------+------------+----------------+--------------+-------------------+-------------+-----------------+--------------+--------------------------------------------------------------------------------------------+----------------------------------------------------------------------+------------------------------------------------------------+
| g0        | src0      | BUFG/O          | None       | BUFGCTRL_X0Y16 | n/a          |                 4 |        5013 |               0 |              |                                                                                            | fbtest/memctl/u_ddr3_if_mig/u_ddr3_infrastructure/u_bufg_clkdiv0/O   | fbtest/memctl/u_ddr3_if_mig/u_ddr3_infrastructure/ui_clk   |
| g1        | src1      | BUFG/O          | None       | BUFGCTRL_X0Y0  | n/a          |                 6 |        4576 |               0 |              |                                                                                            | BUFG_inst1/O                                                         | sys_clock                                                  |
| g2        | src2      | BUFR/O          | None       | BUFR_X1Y5      | X1Y1         |                 1 |         489 |               1 |              |                                                                                            | csi_rx/link/clkphy/clkdiv/O                                          | csi_rx/link/clkphy/valid_out_reg                           |
| g3        | src3      | BUFG/O          | None       | BUFGCTRL_X0Y5  | n/a          |                 2 |         435 |               0 |       33.000 | dbg_hub/inst/BSCANID.u_xsdbm_id/SWITCH_N_EXT_BSCAN.bscan_inst/SERIES7_BSCAN.bscan_inst/TCK | dbg_hub/inst/BSCANID.u_xsdbm_id/SWITCH_N_EXT_BSCAN.u_bufg_icon_tck/O | dbg_hub/inst/BSCANID.u_xsdbm_id/itck_i                     |
| g4        | src4      | BUFG/O          | None       | BUFGCTRL_X0Y6  | n/a          |                 3 |         276 |               0 |              |                                                                                            | pll2/inst/clkout1_buf/O                                              | pll2/inst/camera_pixel_clock                               |
| g5        | src5      | BUFG/O          | None       | BUFGCTRL_X0Y1  | n/a          |                 2 |         141 |               0 |              |                                                                                            | dvi_pixel_clock_BUFG_inst/O                                          | dvi_pixel_clock_BUFG                                       |
| g6        | src1      | BUFG/O          | None       | BUFGCTRL_X0Y2  | n/a          |                 2 |          62 |               0 |              |                                                                                            | BUFG_inst2/O                                                         | clk400                                                     |
| g7        | src6      | BUFR/O          | None       | BUFR_X0Y13     | X0Y3         |                 1 |          31 |               0 |              |                                                                                            | i2c_clkdiv2/O                                                        | i2c_clk_div                                                |
| g8        | src5      | BUFG/O          | None       | BUFGCTRL_X0Y3  | n/a          |                 1 |           6 |               0 |              |                                                                                            | dvi_bit_clock_BUFG_inst/O                                            | dvi_bit_clock_BUFG                                         |
| g9        | src7      | BUFG/O          | None       | BUFGCTRL_X0Y7  | n/a          |                 2 |           2 |               0 |              |                                                                                            | BUFG_inst0/O                                                         | sys_clk                                                    |
| g10       | src8      | BUFH/O          | None       | BUFHCE_X1Y24   | X1Y2         |                 1 |           1 |               0 |              |                                                                                            | fbtest/memctl/u_ddr3_if_mig/u_ddr3_infrastructure/u_bufh_pll_clk3/O  | fbtest/memctl/u_ddr3_if_mig/u_ddr3_infrastructure/pll_clk3 |
| g11       | src4      | BUFG/O          | None       | BUFGCTRL_X0Y8  | n/a          |                 1 |           1 |               0 |              |                                                                                            | pll2/inst/clkf_buf/O                                                 | pll2/inst/clkfbout_buf_camera_pll                          |
| g12       | src9      | BUFR/O          | None       | BUFR_X0Y12     | X0Y3         |                 1 |           0 |               1 |          n/a | n/a                                                                                        | i2c_clkdiv/O                                                         | i2c_clk_div_1                                              |
| g13       | src4      | BUFG/O          | None       | BUFGCTRL_X0Y4  | n/a          |                 1 |           0 |               1 |          n/a | n/a                                                                                        | pll2/inst/clkout2_buf/O                                              | pll2/inst/camera_mclk                                      |
| g14       | src4      | BUFG/O          | None       | BUFGCTRL_X0Y9  | n/a          |                 1 |           0 |               1 |          n/a | n/a                                                                                        | pll2/inst/clkout3_buf/O                                              | pll2/inst/i2c_clkin                                        |
+-----------+-----------+-----------------+------------+----------------+--------------+-------------------+-------------+-----------------+--------------+--------------------------------------------------------------------------------------------+----------------------------------------------------------------------+------------------------------------------------------------+
* Clock Loads column represents the clock pin loads (pin count)
** Non-Clock Loads column represents the non-clock pin loads (pin count)


3. Global Clock Source Details
------------------------------

+-----------+-----------+---------------------+-----------------+-----------------+--------------+-------------+-----------------+---------------------+--------------------------------------------------------------------------------------------+--------------------------------------------------------------------------------------------+----------------------------------------------------------------------+
| Source Id | Global Id | Driver Type/Pin     | Constraint      | Site            | Clock Region | Clock Loads | Non-Clock Loads | Source Clock Period | Source Clock                                                                               | Driver Pin                                                                                 | Net                                                                  |
+-----------+-----------+---------------------+-----------------+-----------------+--------------+-------------+-----------------+---------------------+--------------------------------------------------------------------------------------------+--------------------------------------------------------------------------------------------+----------------------------------------------------------------------+
| src0      | g0        | MMCME2_ADV/CLKFBOUT | MMCME2_ADV_X1Y2 | MMCME2_ADV_X1Y2 | X1Y2         |           1 |               0 |                     |                                                                                            | fbtest/memctl/u_ddr3_if_mig/u_ddr3_infrastructure/gen_mmcm.mmcm_i/CLKFBOUT                 | fbtest/memctl/u_ddr3_if_mig/u_ddr3_infrastructure/clk_pll_i          |
| src1      | g1        | PLLE2_ADV/CLKOUT1   | None            | PLLE2_ADV_X0Y1  | X0Y1         |           1 |               0 |                     |                                                                                            | PLLE2_DDR/CLKOUT1                                                                          | I                                                                    |
| src1      | g6        | PLLE2_ADV/CLKOUT0   | None            | PLLE2_ADV_X0Y1  | X0Y1         |           1 |               0 |                     |                                                                                            | PLLE2_DDR/CLKOUT0                                                                          | clk400_in                                                            |
| src2      | g2,       | IBUFDS/O            | IOB_X1Y74       | IOB_X1Y74       | X1Y1         |           2 |               0 |                     |                                                                                            | csi_rx/link/clkphy/iclkdbuf/O                                                              | csi_rx/link/clkphy/bit_clock_int_pre                                 |
| src3      | g3        | BSCANE2/TCK         | None            | BSCAN_X0Y0      | X0Y1         |           1 |               0 |              33.000 | dbg_hub/inst/BSCANID.u_xsdbm_id/SWITCH_N_EXT_BSCAN.bscan_inst/SERIES7_BSCAN.bscan_inst/TCK | dbg_hub/inst/BSCANID.u_xsdbm_id/SWITCH_N_EXT_BSCAN.bscan_inst/SERIES7_BSCAN.bscan_inst/TCK | dbg_hub/inst/BSCANID.u_xsdbm_id/SWITCH_N_EXT_BSCAN.bscan_inst/tck_bs |
| src4      | g13       | MMCME2_ADV/CLKOUT1  | None            | MMCME2_ADV_X0Y0 | X0Y0         |           1 |               0 |                     |                                                                                            | pll2/inst/mmcm_adv_inst/CLKOUT1                                                            | pll2/inst/camera_mclk_camera_pll                                     |
| src4      | g4        | MMCME2_ADV/CLKOUT0  | None            | MMCME2_ADV_X0Y0 | X0Y0         |           1 |               0 |                     |                                                                                            | pll2/inst/mmcm_adv_inst/CLKOUT0                                                            | pll2/inst/camera_pixel_clock_camera_pll                              |
| src4      | g11       | MMCME2_ADV/CLKFBOUT | None            | MMCME2_ADV_X0Y0 | X0Y0         |           1 |               0 |                     |                                                                                            | pll2/inst/mmcm_adv_inst/CLKFBOUT                                                           | pll2/inst/clkfbout_camera_pll                                        |
| src4      | g14       | MMCME2_ADV/CLKOUT2  | None            | MMCME2_ADV_X0Y0 | X0Y0         |           1 |               0 |                     |                                                                                            | pll2/inst/mmcm_adv_inst/CLKOUT2                                                            | pll2/inst/i2c_clkin_camera_pll                                       |
| src5      | g8        | PLLE2_ADV/CLKOUT1   | None            | PLLE2_ADV_X0Y0  | X0Y0         |           1 |               0 |                     |                                                                                            | PLLE2_DVI/CLKOUT1                                                                          | dvi_bit_clock                                                        |
| src5      | g5        | PLLE2_ADV/CLKOUT0   | None            | PLLE2_ADV_X0Y0  | X0Y0         |           1 |               0 |                     |                                                                                            | PLLE2_DVI/CLKOUT0                                                                          | dvi_pixel_clock                                                      |
| src6      | g7        | BUFR/O              | None            | BUFR_X0Y12      | X0Y3         |           1 |               0 |                     |                                                                                            | i2c_clkdiv/O                                                                               | i2c_clk_div_1                                                        |
| src7      | g9        | IBUF/O              | IOB_X0Y74       | IOB_X0Y74       | X0Y1         |           1 |               0 |                     |                                                                                            | clock_p_IBUF_inst/O                                                                        | clock_p_IBUF                                                         |
| src8      | g10       | PLLE2_ADV/CLKOUT3   | PLLE2_ADV_X1Y2  | PLLE2_ADV_X1Y2  | X1Y2         |           1 |               0 |                     |                                                                                            | fbtest/memctl/u_ddr3_if_mig/u_ddr3_infrastructure/plle2_i/CLKOUT3                          | fbtest/memctl/u_ddr3_if_mig/u_ddr3_infrastructure/pll_clk3_out       |
| src9      | g12       | BUFG/O              | None            | BUFGCTRL_X0Y9   | n/a          |           1 |               0 |                     |                                                                                            | pll2/inst/clkout3_buf/O                                                                    | pll2/inst/i2c_clkin                                                  |
+-----------+-----------+---------------------+-----------------+-----------------+--------------+-------------+-----------------+---------------------+--------------------------------------------------------------------------------------------+--------------------------------------------------------------------------------------------+----------------------------------------------------------------------+
* Clock Loads column represents the clock pin loads (pin count)
** Non-Clock Loads column represents the non-clock pin loads (pin count)


4. Local Clock Details
----------------------

+----------+----------------------------+---------------------+------------------------------------+--------------+-------------+-----------------+--------------+-------+--------------------------------------------------------------------------------------------------------------------------------------------------------------------------------------------------+-----------------------------------------------------------------------------------------------------------------------------------------------------------------------------------------------+
| Local Id | Driver Type/Pin            | Constraint          | Site/BEL                           | Clock Region | Clock Loads | Non-Clock Loads | Clock Period | Clock | Driver Pin                                                                                                                                                                                       | Net                                                                                                                                                                                           |
+----------+----------------------------+---------------------+------------------------------------+--------------+-------------+-----------------+--------------+-------+--------------------------------------------------------------------------------------------------------------------------------------------------------------------------------------------------+-----------------------------------------------------------------------------------------------------------------------------------------------------------------------------------------------+
| 0        | PLLE2_ADV/CLKOUT0          | PLLE2_ADV_X1Y2      | PLLE2_ADV_X1Y2/PLLE2_ADV           | X1Y2         |           5 |               2 |              |       | fbtest/memctl/u_ddr3_if_mig/u_ddr3_infrastructure/plle2_i/CLKOUT0                                                                                                                                | fbtest/memctl/u_ddr3_if_mig/u_ddr3_infrastructure/freq_refclk                                                                                                                                 |
| 1        | PHASER_OUT_PHY/OCLKDELAYED | PHASER_OUT_PHY_X1Y8 | PHASER_OUT_PHY_X1Y8/PHASER_OUT_PHY | X1Y2         |           2 |               0 |              |       | fbtest/memctl/u_ddr3_if_mig/u_memc_ui_top_axi/mem_intfc0/ddr_phy_top0/u_ddr_mc_phy_wrapper/u_ddr_mc_phy/ddr_phy_4lanes_0.u_ddr_phy_4lanes/ddr_byte_lane_A.ddr_byte_lane_A/phaser_out/OCLKDELAYED | fbtest/memctl/u_ddr3_if_mig/u_memc_ui_top_axi/mem_intfc0/ddr_phy_top0/u_ddr_mc_phy_wrapper/u_ddr_mc_phy/ddr_phy_4lanes_0.u_ddr_phy_4lanes/ddr_byte_lane_A.ddr_byte_lane_A/oserdes_clk_delayed |
| 2        | PHASER_OUT_PHY/OCLKDELAYED | PHASER_OUT_PHY_X1Y9 | PHASER_OUT_PHY_X1Y9/PHASER_OUT_PHY | X1Y2         |           2 |               0 |              |       | fbtest/memctl/u_ddr3_if_mig/u_memc_ui_top_axi/mem_intfc0/ddr_phy_top0/u_ddr_mc_phy_wrapper/u_ddr_mc_phy/ddr_phy_4lanes_0.u_ddr_phy_4lanes/ddr_byte_lane_B.ddr_byte_lane_B/phaser_out/OCLKDELAYED | fbtest/memctl/u_ddr3_if_mig/u_memc_ui_top_axi/mem_intfc0/ddr_phy_top0/u_ddr_mc_phy_wrapper/u_ddr_mc_phy/ddr_phy_4lanes_0.u_ddr_phy_4lanes/ddr_byte_lane_B.ddr_byte_lane_B/oserdes_clk_delayed |
| 3        | PLLE2_ADV/CLKOUT1          | PLLE2_ADV_X1Y2      | PLLE2_ADV_X1Y2/PLLE2_ADV           | X1Y2         |           1 |               6 |              |       | fbtest/memctl/u_ddr3_if_mig/u_ddr3_infrastructure/plle2_i/CLKOUT1                                                                                                                                | fbtest/memctl/u_ddr3_if_mig/u_ddr3_infrastructure/mem_refclk                                                                                                                                  |
+----------+----------------------------+---------------------+------------------------------------+--------------+-------------+-----------------+--------------+-------+--------------------------------------------------------------------------------------------------------------------------------------------------------------------------------------------------+-----------------------------------------------------------------------------------------------------------------------------------------------------------------------------------------------+
* Local Clocks in this context represents only clocks driven by non-global buffers
** Clock Loads column represents the clock pin loads (pin count)
*** Non-Clock Loads column represents the non-clock pin loads (pin count)


5. Clock Regions: Key Resource Utilization
------------------------------------------

+-------------------+--------------+--------------+--------------+--------------+--------------+--------------+--------------+--------------+--------------+--------------+--------------+--------------+--------------+--------------+--------------+
|                   | Global Clock |     BUFRs    |    BUFMRs    |    BUFIOs    |     MMCM     |      PLL     |      GT      |      PCI     |    ILOGIC    |    OLOGIC    |      FF      |     LUTM     |    RAMB18    |    RAMB36    |    DSP48E2   |
+-------------------+------+-------+------+-------+------+-------+------+-------+------+-------+------+-------+------+-------+------+-------+------+-------+------+-------+------+-------+------+-------+------+-------+------+-------+------+-------+
| Clock Region Name | Used | Avail | Used | Avail | Used | Avail | Used | Avail | Used | Avail | Used | Avail | Used | Avail | Used | Avail | Used | Avail | Used | Avail | Used | Avail | Used | Avail | Used | Avail | Used | Avail | Used | Avail |
+-------------------+------+-------+------+-------+------+-------+------+-------+------+-------+------+-------+------+-------+------+-------+------+-------+------+-------+------+-------+------+-------+------+-------+------+-------+------+-------+
| X0Y0              |    3 |    12 |    0 |     4 |    0 |     2 |    0 |     4 |    1 |     1 |    1 |     1 |    0 |     0 |    0 |     0 |    0 |    50 |    0 |    50 |    0 |  2600 |    0 |   600 |    0 |    20 |    0 |    10 |    0 |    20 |
| X1Y0              |    0 |    12 |    0 |     0 |    0 |     0 |    0 |     0 |    0 |     0 |    0 |     0 |    0 |     4 |    0 |     0 |    0 |     0 |    0 |     0 |    0 |  1500 |    0 |   550 |    0 |    40 |    0 |    20 |    0 |    40 |
| X0Y1              |    3 |    12 |    0 |     4 |    0 |     2 |    0 |     4 |    0 |     1 |    1 |     1 |    0 |     0 |    0 |     0 |    0 |    50 |    0 |    50 |   89 |  2000 |   36 |   600 |    0 |    20 |    0 |    10 |    0 |    20 |
| X1Y1              |    6 |    12 |    1 |     4 |    0 |     2 |    1 |     4 |    0 |     1 |    0 |     1 |    0 |     0 |    0 |     0 |    4 |    50 |    0 |    50 | 1086 |  1900 |  442 |   650 |    0 |    60 |    4 |    30 |    1 |    40 |
| X0Y2              |    6 |    12 |    0 |     4 |    0 |     2 |    0 |     4 |    0 |     1 |    0 |     1 |    0 |     0 |    0 |     0 |    0 |    50 |    7 |    50 | 1461 |  2000 |  429 |   600 |    0 |    20 |    0 |    10 |    0 |    20 |
| X1Y2              |    6 |    12 |    0 |     4 |    0 |     2 |    0 |     4 |    1 |     1 |    1 |     1 |    0 |     0 |    0 |     0 |    0 |    50 |    4 |    50 | 3496 |  1900 | 1260 |   650 |    0 |    60 |    6 |    30 |    1 |    40 |
| X0Y3              |    5 |    12 |    2 |     4 |    0 |     2 |    0 |     4 |    0 |     1 |    0 |     1 |    0 |     0 |    0 |     0 |    0 |    50 |    0 |    50 | 3896 |  2600 |  737 |   600 |    0 |    20 |    1 |    10 |    0 |    20 |
| X1Y3              |    1 |    12 |    0 |     0 |    0 |     0 |    0 |     0 |    0 |     0 |    0 |     0 |    0 |     4 |    0 |     1 |    0 |     0 |    0 |     0 |   24 |  1350 |    0 |   500 |    0 |    30 |    0 |    15 |    0 |    40 |
+-------------------+------+-------+------+-------+------+-------+------+-------+------+-------+------+-------+------+-------+------+-------+------+-------+------+-------+------+-------+------+-------+------+-------+------+-------+------+-------+
* Global Clock column represents track count; while other columns represents cell counts


6. Clock Regions : Global Clock Summary
---------------------------------------

+----+----+----+
|    | X0 | X1 |
+----+----+----+
| Y3 |  5 |  1 |
| Y2 |  6 |  6 |
| Y1 |  3 |  6 |
| Y0 |  3 |  0 |
+----+----+----+


7. Device Cell Placement Summary for Global Clock g0
----------------------------------------------------

+-----------+-----------------+-------------------+-------+-------------+---------------+-------------+----------+----------------+----------+----------------------------------------------------------+
| Global Id | Driver Type/Pin | Driver Region (D) | Clock | Period (ns) | Waveform (ns) | Slice Loads | IO Loads | Clocking Loads | GT Loads | Net                                                      |
+-----------+-----------------+-------------------+-------+-------------+---------------+-------------+----------+----------------+----------+----------------------------------------------------------+
| g0        | BUFG/O          | n/a               |       |             |               |        4884 |        0 |              1 |        0 | fbtest/memctl/u_ddr3_if_mig/u_ddr3_infrastructure/ui_clk |
+-----------+-----------------+-------------------+-------+-------------+---------------+-------------+----------+----------------+----------+----------------------------------------------------------+
* Logic Loads column represents load cell count of all cell types other than IO, GT and clock resources
** IO Loads column represents load cell count of IO types
*** Clocking Loads column represents load cell count that are clock resources (global clock buffer, MMCM, PLL, etc)
**** GT Loads column represents load cell count of GT types


+----+------+-------+
|    | X0   | X1    |
+----+------+-------+
| Y3 |    0 |     0 |
| Y2 |  804 |  3640 |
| Y1 |   78 |   363 |
| Y0 |    0 |     0 |
+----+------+-------+


8. Device Cell Placement Summary for Global Clock g1
----------------------------------------------------

+-----------+-----------------+-------------------+-------+-------------+---------------+-------------+----------+----------------+----------+-----------+
| Global Id | Driver Type/Pin | Driver Region (D) | Clock | Period (ns) | Waveform (ns) | Slice Loads | IO Loads | Clocking Loads | GT Loads | Net       |
+-----------+-----------------+-------------------+-------+-------------+---------------+-------------+----------+----------------+----------+-----------+
| g1        | BUFG/O          | n/a               |       |             |               |        4050 |        0 |              2 |        0 | sys_clock |
+-----------+-----------------+-------------------+-------+-------------+---------------+-------------+----------+----------------+----------+-----------+
* Logic Loads column represents load cell count of all cell types other than IO, GT and clock resources
** IO Loads column represents load cell count of IO types
*** Clocking Loads column represents load cell count that are clock resources (global clock buffer, MMCM, PLL, etc)
**** GT Loads column represents load cell count of GT types


+----+-------+-----+
|    | X0    | X1  |
+----+-------+-----+
| Y3 |  3872 |  24 |
| Y2 |   143 |   1 |
| Y1 |     0 |  11 |
| Y0 |     1 |   0 |
+----+-------+-----+


9. Device Cell Placement Summary for Global Clock g2
----------------------------------------------------

+-----------+-----------------+-------------------+-------+-------------+---------------+-------------+----------+----------------+----------+----------------------------------+
| Global Id | Driver Type/Pin | Driver Region (D) | Clock | Period (ns) | Waveform (ns) | Slice Loads | IO Loads | Clocking Loads | GT Loads | Net                              |
+-----------+-----------------+-------------------+-------+-------------+---------------+-------------+----------+----------------+----------+----------------------------------+
| g2        | BUFR/O          | X1Y1              |       |             |               |         486 |        4 |              0 |        0 | csi_rx/link/clkphy/valid_out_reg |
+-----------+-----------------+-------------------+-------+-------------+---------------+-------------+----------+----------------+----------+----------------------------------+
* Logic Loads column represents load cell count of all cell types other than IO, GT and clock resources
** IO Loads column represents load cell count of IO types
*** Clocking Loads column represents load cell count that are clock resources (global clock buffer, MMCM, PLL, etc)
**** GT Loads column represents load cell count of GT types


+----+----+----------+
|    | X0 | X1       |
+----+----+----------+
| Y3 |  0 |        0 |
| Y2 |  0 |        0 |
| Y1 |  0 |  (D) 490 |
| Y0 |  0 |        0 |
+----+----+----------+


10. Device Cell Placement Summary for Global Clock g3
-----------------------------------------------------

+-----------+-----------------+-------------------+--------------------------------------------------------------------------------------------+-------------+----------------+-------------+----------+----------------+----------+----------------------------------------+
| Global Id | Driver Type/Pin | Driver Region (D) | Clock                                                                                      | Period (ns) | Waveform (ns)  | Slice Loads | IO Loads | Clocking Loads | GT Loads | Net                                    |
+-----------+-----------------+-------------------+--------------------------------------------------------------------------------------------+-------------+----------------+-------------+----------+----------------+----------+----------------------------------------+
| g3        | BUFG/O          | n/a               | dbg_hub/inst/BSCANID.u_xsdbm_id/SWITCH_N_EXT_BSCAN.bscan_inst/SERIES7_BSCAN.bscan_inst/TCK |      33.000 | {0.000 16.500} |         432 |        0 |              0 |        0 | dbg_hub/inst/BSCANID.u_xsdbm_id/itck_i |
+-----------+-----------------+-------------------+--------------------------------------------------------------------------------------------+-------------+----------------+-------------+----------+----------------+----------+----------------------------------------+
* Logic Loads column represents load cell count of all cell types other than IO, GT and clock resources
** IO Loads column represents load cell count of IO types
*** Clocking Loads column represents load cell count that are clock resources (global clock buffer, MMCM, PLL, etc)
**** GT Loads column represents load cell count of GT types


+----+------+----+
|    | X0   | X1 |
+----+------+----+
| Y3 |   83 |  0 |
| Y2 |  349 |  0 |
| Y1 |    0 |  0 |
| Y0 |    0 |  0 |
+----+------+----+


11. Device Cell Placement Summary for Global Clock g4
-----------------------------------------------------

+-----------+-----------------+-------------------+-------+-------------+---------------+-------------+----------+----------------+----------+------------------------------+
| Global Id | Driver Type/Pin | Driver Region (D) | Clock | Period (ns) | Waveform (ns) | Slice Loads | IO Loads | Clocking Loads | GT Loads | Net                          |
+-----------+-----------------+-------------------+-------+-------------+---------------+-------------+----------+----------------+----------+------------------------------+
| g4        | BUFG/O          | n/a               |       |             |               |         276 |        0 |              0 |        0 | pll2/inst/camera_pixel_clock |
+-----------+-----------------+-------------------+-------+-------------+---------------+-------------+----------+----------------+----------+------------------------------+
* Logic Loads column represents load cell count of all cell types other than IO, GT and clock resources
** IO Loads column represents load cell count of IO types
*** Clocking Loads column represents load cell count that are clock resources (global clock buffer, MMCM, PLL, etc)
**** GT Loads column represents load cell count of GT types


+----+-----+------+
|    | X0  | X1   |
+----+-----+------+
| Y3 |   0 |    0 |
| Y2 |   0 |   17 |
| Y1 |  11 |  248 |
| Y0 |   0 |    0 |
+----+-----+------+


12. Device Cell Placement Summary for Global Clock g5
-----------------------------------------------------

+-----------+-----------------+-------------------+-------+-------------+---------------+-------------+----------+----------------+----------+----------------------+
| Global Id | Driver Type/Pin | Driver Region (D) | Clock | Period (ns) | Waveform (ns) | Slice Loads | IO Loads | Clocking Loads | GT Loads | Net                  |
+-----------+-----------------+-------------------+-------+-------------+---------------+-------------+----------+----------------+----------+----------------------+
| g5        | BUFG/O          | n/a               |       |             |               |         135 |        6 |              0 |        0 | dvi_pixel_clock_BUFG |
+-----------+-----------------+-------------------+-------+-------------+---------------+-------------+----------+----------------+----------+----------------------+
* Logic Loads column represents load cell count of all cell types other than IO, GT and clock resources
** IO Loads column represents load cell count of IO types
*** Clocking Loads column represents load cell count that are clock resources (global clock buffer, MMCM, PLL, etc)
**** GT Loads column represents load cell count of GT types


+----+------+-----+
|    | X0   | X1  |
+----+------+-----+
| Y3 |    0 |   0 |
| Y2 |  127 |  14 |
| Y1 |    0 |   0 |
| Y0 |    0 |   0 |
+----+------+-----+


13. Device Cell Placement Summary for Global Clock g6
-----------------------------------------------------

+-----------+-----------------+-------------------+-------+-------------+---------------+-------------+----------+----------------+----------+--------+
| Global Id | Driver Type/Pin | Driver Region (D) | Clock | Period (ns) | Waveform (ns) | Slice Loads | IO Loads | Clocking Loads | GT Loads | Net    |
+-----------+-----------------+-------------------+-------+-------------+---------------+-------------+----------+----------------+----------+--------+
| g6        | BUFG/O          | n/a               |       |             |               |          62 |        0 |              0 |        0 | clk400 |
+-----------+-----------------+-------------------+-------+-------------+---------------+-------------+----------+----------------+----------+--------+
* Logic Loads column represents load cell count of all cell types other than IO, GT and clock resources
** IO Loads column represents load cell count of IO types
*** Clocking Loads column represents load cell count that are clock resources (global clock buffer, MMCM, PLL, etc)
**** GT Loads column represents load cell count of GT types


+----+-----+-----+
|    | X0  | X1  |
+----+-----+-----+
| Y3 |   0 |   0 |
| Y2 |  46 |  16 |
| Y1 |   0 |   0 |
| Y0 |   0 |   0 |
+----+-----+-----+


14. Device Cell Placement Summary for Global Clock g7
-----------------------------------------------------

+-----------+-----------------+-------------------+-------+-------------+---------------+-------------+----------+----------------+----------+-------------+
| Global Id | Driver Type/Pin | Driver Region (D) | Clock | Period (ns) | Waveform (ns) | Slice Loads | IO Loads | Clocking Loads | GT Loads | Net         |
+-----------+-----------------+-------------------+-------+-------------+---------------+-------------+----------+----------------+----------+-------------+
| g7        | BUFR/O          | X0Y3              |       |             |               |          30 |        0 |              0 |        0 | i2c_clk_div |
+-----------+-----------------+-------------------+-------+-------------+---------------+-------------+----------+----------------+----------+-------------+
* Logic Loads column represents load cell count of all cell types other than IO, GT and clock resources
** IO Loads column represents load cell count of IO types
*** Clocking Loads column represents load cell count that are clock resources (global clock buffer, MMCM, PLL, etc)
**** GT Loads column represents load cell count of GT types


+----+---------+----+
|    | X0      | X1 |
+----+---------+----+
| Y3 |  (D) 30 |  0 |
| Y2 |       0 |  0 |
| Y1 |       0 |  0 |
| Y0 |       0 |  0 |
+----+---------+----+


15. Device Cell Placement Summary for Global Clock g8
-----------------------------------------------------

+-----------+-----------------+-------------------+-------+-------------+---------------+-------------+----------+----------------+----------+--------------------+
| Global Id | Driver Type/Pin | Driver Region (D) | Clock | Period (ns) | Waveform (ns) | Slice Loads | IO Loads | Clocking Loads | GT Loads | Net                |
+-----------+-----------------+-------------------+-------+-------------+---------------+-------------+----------+----------------+----------+--------------------+
| g8        | BUFG/O          | n/a               |       |             |               |           0 |        6 |              0 |        0 | dvi_bit_clock_BUFG |
+-----------+-----------------+-------------------+-------+-------------+---------------+-------------+----------+----------------+----------+--------------------+
* Logic Loads column represents load cell count of all cell types other than IO, GT and clock resources
** IO Loads column represents load cell count of IO types
*** Clocking Loads column represents load cell count that are clock resources (global clock buffer, MMCM, PLL, etc)
**** GT Loads column represents load cell count of GT types


+----+----+----+
|    | X0 | X1 |
+----+----+----+
| Y3 |  0 |  0 |
| Y2 |  6 |  0 |
| Y1 |  0 |  0 |
| Y0 |  0 |  0 |
+----+----+----+


16. Device Cell Placement Summary for Global Clock g9
-----------------------------------------------------

+-----------+-----------------+-------------------+-------+-------------+---------------+-------------+----------+----------------+----------+---------+
| Global Id | Driver Type/Pin | Driver Region (D) | Clock | Period (ns) | Waveform (ns) | Slice Loads | IO Loads | Clocking Loads | GT Loads | Net     |
+-----------+-----------------+-------------------+-------+-------------+---------------+-------------+----------+----------------+----------+---------+
| g9        | BUFG/O          | n/a               |       |             |               |           0 |        0 |              2 |        0 | sys_clk |
+-----------+-----------------+-------------------+-------+-------------+---------------+-------------+----------+----------------+----------+---------+
* Logic Loads column represents load cell count of all cell types other than IO, GT and clock resources
** IO Loads column represents load cell count of IO types
*** Clocking Loads column represents load cell count that are clock resources (global clock buffer, MMCM, PLL, etc)
**** GT Loads column represents load cell count of GT types


+----+----+----+
|    | X0 | X1 |
+----+----+----+
| Y3 |  0 |  0 |
| Y2 |  0 |  0 |
| Y1 |  1 |  0 |
| Y0 |  1 |  0 |
+----+----+----+


17. Device Cell Placement Summary for Global Clock g10
------------------------------------------------------

+-----------+-----------------+-------------------+-------+-------------+---------------+-------------+----------+----------------+----------+------------------------------------------------------------+
| Global Id | Driver Type/Pin | Driver Region (D) | Clock | Period (ns) | Waveform (ns) | Slice Loads | IO Loads | Clocking Loads | GT Loads | Net                                                        |
+-----------+-----------------+-------------------+-------+-------------+---------------+-------------+----------+----------------+----------+------------------------------------------------------------+
| g10       | BUFH/O          | X1Y2              |       |             |               |           0 |        0 |              1 |        0 | fbtest/memctl/u_ddr3_if_mig/u_ddr3_infrastructure/pll_clk3 |
+-----------+-----------------+-------------------+-------+-------------+---------------+-------------+----------+----------------+----------+------------------------------------------------------------+
* Logic Loads column represents load cell count of all cell types other than IO, GT and clock resources
** IO Loads column represents load cell count of IO types
*** Clocking Loads column represents load cell count that are clock resources (global clock buffer, MMCM, PLL, etc)
**** GT Loads column represents load cell count of GT types


+----+----+--------+
|    | X0 | X1     |
+----+----+--------+
| Y3 |  0 |      0 |
| Y2 |  0 |  (D) 1 |
| Y1 |  0 |      0 |
| Y0 |  0 |      0 |
+----+----+--------+


18. Device Cell Placement Summary for Global Clock g11
------------------------------------------------------

+-----------+-----------------+-------------------+-------+-------------+---------------+-------------+----------+----------------+----------+-----------------------------------+
| Global Id | Driver Type/Pin | Driver Region (D) | Clock | Period (ns) | Waveform (ns) | Slice Loads | IO Loads | Clocking Loads | GT Loads | Net                               |
+-----------+-----------------+-------------------+-------+-------------+---------------+-------------+----------+----------------+----------+-----------------------------------+
| g11       | BUFG/O          | n/a               |       |             |               |           0 |        0 |              1 |        0 | pll2/inst/clkfbout_buf_camera_pll |
+-----------+-----------------+-------------------+-------+-------------+---------------+-------------+----------+----------------+----------+-----------------------------------+
* Logic Loads column represents load cell count of all cell types other than IO, GT and clock resources
** IO Loads column represents load cell count of IO types
*** Clocking Loads column represents load cell count that are clock resources (global clock buffer, MMCM, PLL, etc)
**** GT Loads column represents load cell count of GT types


+----+----+----+
|    | X0 | X1 |
+----+----+----+
| Y3 |  0 |  0 |
| Y2 |  0 |  0 |
| Y1 |  0 |  0 |
| Y0 |  1 |  0 |
+----+----+----+


19. Device Cell Placement Summary for Global Clock g12
------------------------------------------------------

+-----------+-----------------+-------------------+-------+-------------+---------------+-------------+----------+----------------+----------+---------------+
| Global Id | Driver Type/Pin | Driver Region (D) | Clock | Period (ns) | Waveform (ns) | Slice Loads | IO Loads | Clocking Loads | GT Loads | Net           |
+-----------+-----------------+-------------------+-------+-------------+---------------+-------------+----------+----------------+----------+---------------+
| g12       | BUFR/O          | X0Y3              |       |             |               |           0 |        0 |              1 |        0 | i2c_clk_div_1 |
+-----------+-----------------+-------------------+-------+-------------+---------------+-------------+----------+----------------+----------+---------------+
* Logic Loads column represents load cell count of all cell types other than IO, GT and clock resources
** IO Loads column represents load cell count of IO types
*** Clocking Loads column represents load cell count that are clock resources (global clock buffer, MMCM, PLL, etc)
**** GT Loads column represents load cell count of GT types


+----+--------+----+
|    | X0     | X1 |
+----+--------+----+
| Y3 |  (D) 1 |  0 |
| Y2 |      0 |  0 |
| Y1 |      0 |  0 |
| Y0 |      0 |  0 |
+----+--------+----+


20. Device Cell Placement Summary for Global Clock g13
------------------------------------------------------

+-----------+-----------------+-------------------+-------+-------------+---------------+-------------+----------+----------------+----------+-----------------------+
| Global Id | Driver Type/Pin | Driver Region (D) | Clock | Period (ns) | Waveform (ns) | Slice Loads | IO Loads | Clocking Loads | GT Loads | Net                   |
+-----------+-----------------+-------------------+-------+-------------+---------------+-------------+----------+----------------+----------+-----------------------+
| g13       | BUFG/O          | n/a               |       |             |               |           0 |        1 |              0 |        0 | pll2/inst/camera_mclk |
+-----------+-----------------+-------------------+-------+-------------+---------------+-------------+----------+----------------+----------+-----------------------+
* Logic Loads column represents load cell count of all cell types other than IO, GT and clock resources
** IO Loads column represents load cell count of IO types
*** Clocking Loads column represents load cell count that are clock resources (global clock buffer, MMCM, PLL, etc)
**** GT Loads column represents load cell count of GT types


+----+----+----+
|    | X0 | X1 |
+----+----+----+
| Y3 |  0 |  0 |
| Y2 |  0 |  0 |
| Y1 |  0 |  1 |
| Y0 |  0 |  0 |
+----+----+----+


21. Device Cell Placement Summary for Global Clock g14
------------------------------------------------------

+-----------+-----------------+-------------------+-------+-------------+---------------+-------------+----------+----------------+----------+---------------------+
| Global Id | Driver Type/Pin | Driver Region (D) | Clock | Period (ns) | Waveform (ns) | Slice Loads | IO Loads | Clocking Loads | GT Loads | Net                 |
+-----------+-----------------+-------------------+-------+-------------+---------------+-------------+----------+----------------+----------+---------------------+
| g14       | BUFG/O          | n/a               |       |             |               |           0 |        0 |              1 |        0 | pll2/inst/i2c_clkin |
+-----------+-----------------+-------------------+-------+-------------+---------------+-------------+----------+----------------+----------+---------------------+
* Logic Loads column represents load cell count of all cell types other than IO, GT and clock resources
** IO Loads column represents load cell count of IO types
*** Clocking Loads column represents load cell count that are clock resources (global clock buffer, MMCM, PLL, etc)
**** GT Loads column represents load cell count of GT types


+----+----+----+
|    | X0 | X1 |
+----+----+----+
| Y3 |  1 |  0 |
| Y2 |  0 |  0 |
| Y1 |  0 |  0 |
| Y0 |  0 |  0 |
+----+----+----+


22. Clock Region Cell Placement per Global Clock: Region X0Y0
-------------------------------------------------------------

+-----------+-------+-----------------+------------+-------------+-----------------+----+--------+------+-----+----+------+-----+---------+-----------------------------------+
| Global Id | Track | Driver Type/Pin | Constraint | Clock Loads | Non-Clock Loads | FF | LUTRAM | RAMB | DSP | GT | MMCM | PLL | Hard IP | Net                               |
+-----------+-------+-----------------+------------+-------------+-----------------+----+--------+------+-----+----+------+-----+---------+-----------------------------------+
| g1        | n/a   | BUFG/O          | None       |           1 |               0 |  0 |      0 |    0 |   0 |  0 |    1 |   0 |       0 | sys_clock                         |
| g9        | n/a   | BUFG/O          | None       |           1 |               0 |  0 |      0 |    0 |   0 |  0 |    0 |   1 |       0 | sys_clk                           |
| g11       | n/a   | BUFG/O          | None       |           1 |               0 |  0 |      0 |    0 |   0 |  0 |    1 |   0 |       0 | pll2/inst/clkfbout_buf_camera_pll |
+-----------+-------+-----------------+------------+-------------+-----------------+----+--------+------+-----+----+------+-----+---------+-----------------------------------+
* Clock Loads column represents the clock pin loads (pin count)
** Non-Clock Loads column represents the non-clock pin loads (pin count)
*** Columns FF, LUTRAM, RAMB through 'Hard IP' represents load cell counts


23. Clock Region Cell Placement per Global Clock: Region X0Y1
-------------------------------------------------------------

+-----------+-------+-----------------+------------+-------------+-----------------+----+--------+------+-----+----+------+-----+---------+----------------------------------------------------------+
| Global Id | Track | Driver Type/Pin | Constraint | Clock Loads | Non-Clock Loads | FF | LUTRAM | RAMB | DSP | GT | MMCM | PLL | Hard IP | Net                                                      |
+-----------+-------+-----------------+------------+-------------+-----------------+----+--------+------+-----+----+------+-----+---------+----------------------------------------------------------+
| g0        | n/a   | BUFG/O          | None       |          78 |               0 | 78 |      0 |    0 |   0 |  0 |    0 |   0 |       0 | fbtest/memctl/u_ddr3_if_mig/u_ddr3_infrastructure/ui_clk |
| g4        | n/a   | BUFG/O          | None       |          11 |               0 | 11 |      0 |    0 |   0 |  0 |    0 |   0 |       0 | pll2/inst/camera_pixel_clock                             |
| g9        | n/a   | BUFG/O          | None       |           1 |               0 |  0 |      0 |    0 |   0 |  0 |    0 |   1 |       0 | sys_clk                                                  |
+-----------+-------+-----------------+------------+-------------+-----------------+----+--------+------+-----+----+------+-----+---------+----------------------------------------------------------+
* Clock Loads column represents the clock pin loads (pin count)
** Non-Clock Loads column represents the non-clock pin loads (pin count)
*** Columns FF, LUTRAM, RAMB through 'Hard IP' represents load cell counts


24. Clock Region Cell Placement per Global Clock: Region X1Y1
-------------------------------------------------------------

+-----------+-------+-----------------+------------+-------------+-----------------+-----+--------+------+-----+----+------+-----+---------+----------------------------------------------------------+
| Global Id | Track | Driver Type/Pin | Constraint | Clock Loads | Non-Clock Loads | FF  | LUTRAM | RAMB | DSP | GT | MMCM | PLL | Hard IP | Net                                                      |
+-----------+-------+-----------------+------------+-------------+-----------------+-----+--------+------+-----+----+------+-----+---------+----------------------------------------------------------+
| g0        | n/a   | BUFG/O          | None       |         363 |               0 | 360 |      0 |    2 |   1 |  0 |    0 |   0 |       0 | fbtest/memctl/u_ddr3_if_mig/u_ddr3_infrastructure/ui_clk |
| g1        | n/a   | BUFG/O          | None       |          11 |               0 |  10 |      0 |    0 |   0 |  0 |    0 |   0 |       0 | sys_clock                                                |
| g2        | n/a   | BUFR/O          | None       |         489 |               1 | 478 |      0 |    2 |   0 |  0 |    0 |   0 |       0 | csi_rx/link/clkphy/valid_out_reg                         |
| g4        | n/a   | BUFG/O          | None       |         248 |               0 | 239 |      3 |    4 |   0 |  0 |    0 |   0 |       0 | pll2/inst/camera_pixel_clock                             |
| g13       | n/a   | BUFG/O          | None       |           0 |               1 |   0 |      0 |    0 |   0 |  0 |    0 |   0 |       0 | pll2/inst/camera_mclk                                    |
+-----------+-------+-----------------+------------+-------------+-----------------+-----+--------+------+-----+----+------+-----+---------+----------------------------------------------------------+
* Clock Loads column represents the clock pin loads (pin count)
** Non-Clock Loads column represents the non-clock pin loads (pin count)
*** Columns FF, LUTRAM, RAMB through 'Hard IP' represents load cell counts


25. Clock Region Cell Placement per Global Clock: Region X0Y2
-------------------------------------------------------------

+-----------+-------+-----------------+------------+-------------+-----------------+-----+--------+------+-----+----+------+-----+---------+----------------------------------------------------------+
| Global Id | Track | Driver Type/Pin | Constraint | Clock Loads | Non-Clock Loads | FF  | LUTRAM | RAMB | DSP | GT | MMCM | PLL | Hard IP | Net                                                      |
+-----------+-------+-----------------+------------+-------------+-----------------+-----+--------+------+-----+----+------+-----+---------+----------------------------------------------------------+
| g0        | n/a   | BUFG/O          | None       |         804 |               0 | 804 |      0 |    0 |   0 |  0 |    0 |   0 |       0 | fbtest/memctl/u_ddr3_if_mig/u_ddr3_infrastructure/ui_clk |
| g1        | n/a   | BUFG/O          | None       |         143 |               0 | 143 |      0 |    0 |   0 |  0 |    0 |   0 |       0 | sys_clock                                                |
| g3        | n/a   | BUFG/O          | None       |         349 |               0 | 349 |      0 |    0 |   0 |  0 |    0 |   0 |       0 | dbg_hub/inst/BSCANID.u_xsdbm_id/itck_i                   |
| g5        | n/a   | BUFG/O          | None       |         127 |               0 | 120 |      0 |    0 |   0 |  0 |    0 |   0 |       0 | dvi_pixel_clock_BUFG                                     |
| g6        | n/a   | BUFG/O          | None       |          46 |               0 |  45 |      0 |    0 |   0 |  0 |    0 |   0 |       0 | clk400                                                   |
| g8        | n/a   | BUFG/O          | None       |           6 |               0 |   0 |      0 |    0 |   0 |  0 |    0 |   0 |       0 | dvi_bit_clock_BUFG                                       |
+-----------+-------+-----------------+------------+-------------+-----------------+-----+--------+------+-----+----+------+-----+---------+----------------------------------------------------------+
* Clock Loads column represents the clock pin loads (pin count)
** Non-Clock Loads column represents the non-clock pin loads (pin count)
*** Columns FF, LUTRAM, RAMB through 'Hard IP' represents load cell counts


26. Clock Region Cell Placement per Global Clock: Region X1Y2
-------------------------------------------------------------

+-----------+-------+-----------------+------------+-------------+-----------------+------+--------+------+-----+----+------+-----+---------+------------------------------------------------------------+
| Global Id | Track | Driver Type/Pin | Constraint | Clock Loads | Non-Clock Loads | FF   | LUTRAM | RAMB | DSP | GT | MMCM | PLL | Hard IP | Net                                                        |
+-----------+-------+-----------------+------------+-------------+-----------------+------+--------+------+-----+----+------+-----+---------+------------------------------------------------------------+
| g0        | n/a   | BUFG/O          | None       |        3640 |               0 | 3456 |    147 |    6 |   1 |  0 |    1 |   0 |       0 | fbtest/memctl/u_ddr3_if_mig/u_ddr3_infrastructure/ui_clk   |
| g1        | n/a   | BUFG/O          | None       |           1 |               0 |    0 |      0 |    0 |   0 |  0 |    0 |   1 |       0 | sys_clock                                                  |
| g4        | n/a   | BUFG/O          | None       |          17 |               0 |   15 |      0 |    2 |   0 |  0 |    0 |   0 |       0 | pll2/inst/camera_pixel_clock                               |
| g5        | n/a   | BUFG/O          | None       |          14 |               0 |   10 |      0 |    4 |   0 |  0 |    0 |   0 |       0 | dvi_pixel_clock_BUFG                                       |
| g6        | n/a   | BUFG/O          | None       |          16 |               0 |   15 |      0 |    0 |   0 |  0 |    0 |   0 |       0 | clk400                                                     |
| g10       | n/a   | BUFH/O          | None       |           1 |               0 |    0 |      0 |    0 |   0 |  0 |    1 |   0 |       0 | fbtest/memctl/u_ddr3_if_mig/u_ddr3_infrastructure/pll_clk3 |
+-----------+-------+-----------------+------------+-------------+-----------------+------+--------+------+-----+----+------+-----+---------+------------------------------------------------------------+
* Clock Loads column represents the clock pin loads (pin count)
** Non-Clock Loads column represents the non-clock pin loads (pin count)
*** Columns FF, LUTRAM, RAMB through 'Hard IP' represents load cell counts


27. Clock Region Cell Placement per Global Clock: Region X0Y3
-------------------------------------------------------------

+-----------+-------+-----------------+------------+-------------+-----------------+------+--------+------+-----+----+------+-----+---------+----------------------------------------+
| Global Id | Track | Driver Type/Pin | Constraint | Clock Loads | Non-Clock Loads | FF   | LUTRAM | RAMB | DSP | GT | MMCM | PLL | Hard IP | Net                                    |
+-----------+-------+-----------------+------------+-------------+-----------------+------+--------+------+-----+----+------+-----+---------+----------------------------------------+
| g1        | n/a   | BUFG/O          | None       |        3872 |               0 | 3784 |     87 |    1 |   0 |  0 |    0 |   0 |       0 | sys_clock                              |
| g3        | n/a   | BUFG/O          | None       |          83 |               0 |   83 |      0 |    0 |   0 |  0 |    0 |   0 |       0 | dbg_hub/inst/BSCANID.u_xsdbm_id/itck_i |
| g7        | n/a   | BUFR/O          | None       |          30 |               0 |   29 |      0 |    0 |   0 |  0 |    0 |   0 |       0 | i2c_clk_div                            |
| g12       | n/a   | BUFR/O          | None       |           0 |               1 |    0 |      0 |    0 |   0 |  0 |    0 |   0 |       0 | i2c_clk_div_1                          |
| g14       | n/a   | BUFG/O          | None       |           0 |               1 |    0 |      0 |    0 |   0 |  0 |    0 |   0 |       0 | pll2/inst/i2c_clkin                    |
+-----------+-------+-----------------+------------+-------------+-----------------+------+--------+------+-----+----+------+-----+---------+----------------------------------------+
* Clock Loads column represents the clock pin loads (pin count)
** Non-Clock Loads column represents the non-clock pin loads (pin count)
*** Columns FF, LUTRAM, RAMB through 'Hard IP' represents load cell counts


28. Clock Region Cell Placement per Global Clock: Region X1Y3
-------------------------------------------------------------

+-----------+-------+-----------------+------------+-------------+-----------------+----+--------+------+-----+----+------+-----+---------+-----------+
| Global Id | Track | Driver Type/Pin | Constraint | Clock Loads | Non-Clock Loads | FF | LUTRAM | RAMB | DSP | GT | MMCM | PLL | Hard IP | Net       |
+-----------+-------+-----------------+------------+-------------+-----------------+----+--------+------+-----+----+------+-----+---------+-----------+
| g1        | n/a   | BUFG/O          | None       |          24 |               0 | 24 |      0 |    0 |   0 |  0 |    0 |   0 |       0 | sys_clock |
+-----------+-------+-----------------+------------+-------------+-----------------+----+--------+------+-----+----+------+-----+---------+-----------+
* Clock Loads column represents the clock pin loads (pin count)
** Non-Clock Loads column represents the non-clock pin loads (pin count)
*** Columns FF, LUTRAM, RAMB through 'Hard IP' represents load cell counts



# Location of BUFG Primitives 
set_property LOC BUFGCTRL_X0Y0 [get_cells BUFG_inst1]
set_property LOC BUFGCTRL_X0Y7 [get_cells BUFG_inst0]
set_property LOC BUFGCTRL_X0Y9 [get_cells pll2/inst/clkout3_buf]
set_property LOC BUFGCTRL_X0Y8 [get_cells pll2/inst/clkf_buf]
set_property LOC BUFGCTRL_X0Y6 [get_cells pll2/inst/clkout1_buf]
set_property LOC BUFGCTRL_X0Y4 [get_cells pll2/inst/clkout2_buf]
set_property LOC BUFGCTRL_X0Y16 [get_cells fbtest/memctl/u_ddr3_if_mig/u_ddr3_infrastructure/u_bufg_clkdiv0]
set_property LOC BUFGCTRL_X0Y1 [get_cells dvi_pixel_clock_BUFG_inst]
set_property LOC BUFGCTRL_X0Y3 [get_cells dvi_bit_clock_BUFG_inst]
set_property LOC BUFGCTRL_X0Y5 [get_cells dbg_hub/inst/BSCANID.u_xsdbm_id/SWITCH_N_EXT_BSCAN.u_bufg_icon_tck]
set_property LOC BUFGCTRL_X0Y2 [get_cells BUFG_inst2]

# Location of BUFH Primitives 
set_property LOC BUFHCE_X1Y24 [get_cells fbtest/memctl/u_ddr3_if_mig/u_ddr3_infrastructure/u_bufh_pll_clk3]

# Location of BUFIO Primitives 
set_property LOC BUFIO_X1Y5 [get_cells csi_rx/link/clkphy/iclkbufio]

# Location of BUFR Primitives 
set_property LOC BUFR_X0Y12 [get_cells i2c_clkdiv]
set_property LOC BUFR_X0Y13 [get_cells i2c_clkdiv2]
set_property LOC BUFR_X1Y5 [get_cells csi_rx/link/clkphy/clkdiv]

# Location of IO Primitives which is load of clock spine
set_property LOC IOB_X1Y95 [get_cells cam_mclk_OBUF_inst]

# Location of clock ports
set_property LOC IOB_X0Y74 [get_ports clock_p]
set_property LOC IOB_X1Y73 [get_ports csi0_clk[0]]
set_property LOC IOB_X1Y74 [get_ports csi0_clk[1]]

# Clock net "sys_clock" driven by instance "BUFG_inst1" located at site "BUFGCTRL_X0Y0"
#startgroup
create_pblock {CLKAG_sys_clock}
add_cells_to_pblock [get_pblocks  {CLKAG_sys_clock}] [get_cells -filter { PRIMITIVE_GROUP != I/O && IS_PRIMITIVE==1 && PRIMITIVE_LEVEL !=INTERNAL && NAME!=pll2/inst/mmcm_adv_inst && NAME!=fbtest/memctl/u_ddr3_if_mig/u_ddr3_infrastructure/plle2_i} -of_object [get_pins -filter {DIRECTION==IN} -of_objects [get_nets -hierarchical -filter {PARENT=="sys_clock"}]]]
resize_pblock [get_pblocks {CLKAG_sys_clock}] -add {CLOCKREGION_X0Y2:CLOCKREGION_X0Y2 CLOCKREGION_X0Y3:CLOCKREGION_X0Y3 CLOCKREGION_X1Y1:CLOCKREGION_X1Y1 CLOCKREGION_X1Y3:CLOCKREGION_X1Y3}
#endgroup

# Clock net "pll2/inst/camera_pixel_clock" driven by instance "pll2/inst/clkout1_buf" located at site "BUFGCTRL_X0Y6"
#startgroup
create_pblock {CLKAG_pll2/inst/camera_pixel_clock}
add_cells_to_pblock [get_pblocks  {CLKAG_pll2/inst/camera_pixel_clock}] [get_cells -filter { PRIMITIVE_GROUP != I/O && IS_PRIMITIVE==1 && PRIMITIVE_LEVEL !=INTERNAL } -of_object [get_pins -filter {DIRECTION==IN} -of_objects [get_nets -hierarchical -filter {PARENT=="pll2/inst/camera_pixel_clock"}]]]
resize_pblock [get_pblocks {CLKAG_pll2/inst/camera_pixel_clock}] -add {CLOCKREGION_X0Y1:CLOCKREGION_X0Y1 CLOCKREGION_X1Y1:CLOCKREGION_X1Y1 CLOCKREGION_X1Y2:CLOCKREGION_X1Y2}
#endgroup

# Clock net "i2c_clk_div" driven by instance "i2c_clkdiv2" located at site "BUFR_X0Y13"
#startgroup
create_pblock {CLKAG_i2c_clk_div}
add_cells_to_pblock [get_pblocks  {CLKAG_i2c_clk_div}] [get_cells -filter { PRIMITIVE_GROUP != I/O && IS_PRIMITIVE==1 && PRIMITIVE_LEVEL !=INTERNAL } -of_object [get_pins -filter {DIRECTION==IN} -of_objects [get_nets -hierarchical -filter {PARENT=="i2c_clk_div"}]]]
resize_pblock [get_pblocks {CLKAG_i2c_clk_div}] -add {CLOCKREGION_X0Y3:CLOCKREGION_X0Y3}
#endgroup

# Clock net "fbtest/memctl/u_ddr3_if_mig/u_ddr3_infrastructure/ui_clk" driven by instance "fbtest/memctl/u_ddr3_if_mig/u_ddr3_infrastructure/u_bufg_clkdiv0" located at site "BUFGCTRL_X0Y16"
#startgroup
create_pblock {CLKAG_fbtest/memctl/u_ddr3_if_mig/u_ddr3_infrastructure/ui_clk}
add_cells_to_pblock [get_pblocks  {CLKAG_fbtest/memctl/u_ddr3_if_mig/u_ddr3_infrastructure/ui_clk}] [get_cells -filter { PRIMITIVE_GROUP != I/O && IS_PRIMITIVE==1 && PRIMITIVE_LEVEL !=INTERNAL && NAME!=fbtest/memctl/u_ddr3_if_mig/u_ddr3_infrastructure/gen_mmcm.mmcm_i} -of_object [get_pins -filter {DIRECTION==IN} -of_objects [get_nets -hierarchical -filter {PARENT=="fbtest/memctl/u_ddr3_if_mig/u_ddr3_infrastructure/ui_clk"}]]]
resize_pblock [get_pblocks {CLKAG_fbtest/memctl/u_ddr3_if_mig/u_ddr3_infrastructure/ui_clk}] -add {CLOCKREGION_X0Y1:CLOCKREGION_X0Y1 CLOCKREGION_X0Y2:CLOCKREGION_X0Y2 CLOCKREGION_X1Y1:CLOCKREGION_X1Y1 CLOCKREGION_X1Y2:CLOCKREGION_X1Y2}
#endgroup

# Clock net "dvi_pixel_clock_BUFG" driven by instance "dvi_pixel_clock_BUFG_inst" located at site "BUFGCTRL_X0Y1"
#startgroup
create_pblock {CLKAG_dvi_pixel_clock_BUFG}
add_cells_to_pblock [get_pblocks  {CLKAG_dvi_pixel_clock_BUFG}] [get_cells -filter { PRIMITIVE_GROUP != I/O && IS_PRIMITIVE==1 && PRIMITIVE_LEVEL !=INTERNAL } -of_object [get_pins -filter {DIRECTION==IN} -of_objects [get_nets -hierarchical -filter {PARENT=="dvi_pixel_clock_BUFG"}]]]
resize_pblock [get_pblocks {CLKAG_dvi_pixel_clock_BUFG}] -add {CLOCKREGION_X0Y2:CLOCKREGION_X0Y2 CLOCKREGION_X1Y2:CLOCKREGION_X1Y2}
#endgroup

# Clock net "dvi_bit_clock_BUFG" driven by instance "dvi_bit_clock_BUFG_inst" located at site "BUFGCTRL_X0Y3"
#startgroup
create_pblock {CLKAG_dvi_bit_clock_BUFG}
add_cells_to_pblock [get_pblocks  {CLKAG_dvi_bit_clock_BUFG}] [get_cells -filter { PRIMITIVE_GROUP != I/O && IS_PRIMITIVE==1 && PRIMITIVE_LEVEL !=INTERNAL } -of_object [get_pins -filter {DIRECTION==IN} -of_objects [get_nets -hierarchical -filter {PARENT=="dvi_bit_clock_BUFG"}]]]
resize_pblock [get_pblocks {CLKAG_dvi_bit_clock_BUFG}] -add {CLOCKREGION_X0Y2:CLOCKREGION_X0Y2}
#endgroup

# Clock net "dbg_hub/inst/BSCANID.u_xsdbm_id/itck_i" driven by instance "dbg_hub/inst/BSCANID.u_xsdbm_id/SWITCH_N_EXT_BSCAN.u_bufg_icon_tck" located at site "BUFGCTRL_X0Y5"
#startgroup
create_pblock {CLKAG_dbg_hub/inst/BSCANID.u_xsdbm_id/itck_i}
add_cells_to_pblock [get_pblocks  {CLKAG_dbg_hub/inst/BSCANID.u_xsdbm_id/itck_i}] [get_cells -filter { PRIMITIVE_GROUP != I/O && IS_PRIMITIVE==1 && PRIMITIVE_LEVEL !=INTERNAL } -of_object [get_pins -filter {DIRECTION==IN} -of_objects [get_nets -hierarchical -filter {PARENT=="dbg_hub/inst/BSCANID.u_xsdbm_id/itck_i"}]]]
resize_pblock [get_pblocks {CLKAG_dbg_hub/inst/BSCANID.u_xsdbm_id/itck_i}] -add {CLOCKREGION_X0Y2:CLOCKREGION_X0Y2 CLOCKREGION_X0Y3:CLOCKREGION_X0Y3}
#endgroup

# Clock net "csi_rx/link/clkphy/valid_out_reg" driven by instance "csi_rx/link/clkphy/clkdiv" located at site "BUFR_X1Y5"
#startgroup
create_pblock {CLKAG_csi_rx/link/clkphy/valid_out_reg}
add_cells_to_pblock [get_pblocks  {CLKAG_csi_rx/link/clkphy/valid_out_reg}] [get_cells -filter { PRIMITIVE_GROUP != I/O && IS_PRIMITIVE==1 && PRIMITIVE_LEVEL !=INTERNAL } -of_object [get_pins -filter {DIRECTION==IN} -of_objects [get_nets -hierarchical -filter {PARENT=="csi_rx/link/clkphy/valid_out_reg"}]]]
resize_pblock [get_pblocks {CLKAG_csi_rx/link/clkphy/valid_out_reg}] -add {CLOCKREGION_X1Y1:CLOCKREGION_X1Y1}
#endgroup

# Clock net "clk400" driven by instance "BUFG_inst2" located at site "BUFGCTRL_X0Y2"
#startgroup
create_pblock {CLKAG_clk400}
add_cells_to_pblock [get_pblocks  {CLKAG_clk400}] [get_cells -filter { PRIMITIVE_GROUP != I/O && IS_PRIMITIVE==1 && PRIMITIVE_LEVEL !=INTERNAL } -of_object [get_pins -filter {DIRECTION==IN} -of_objects [get_nets -hierarchical -filter {PARENT=="clk400"}]]]
resize_pblock [get_pblocks {CLKAG_clk400}] -add {CLOCKREGION_X0Y2:CLOCKREGION_X0Y2 CLOCKREGION_X1Y2:CLOCKREGION_X1Y2}
#endgroup
