Copyright 1986-2017 Xilinx, Inc. All Rights Reserved.
----------------------------------------------------------------------------------------------------------------------------------------------------------
| Tool Version     : Vivado v.2017.2 (lin64) Build 1909853 Thu Jun 15 18:39:10 MDT 2017
| Date             : Wed Sep 27 23:35:26 2017
| Host             : alga-satellite running 64-bit Ubuntu 16.04.3 LTS
| Command          : report_power -file ov13850_demo_power_routed.rpt -pb ov13850_demo_power_summary_routed.pb -rpx ov13850_demo_power_routed.rpx
| Design           : ov13850_demo
| Device           : xc7a100tcsg324-2
| Design State     : routed
| Grade            : commercial
| Process          : typical
| Characterization : Production
----------------------------------------------------------------------------------------------------------------------------------------------------------

Power Report

Table of Contents
-----------------
1. Summary
1.1 On-Chip Components
1.2 Power Supply Summary
1.3 Confidence Level
2. Settings
2.1 Environment
2.2 Clock Constraints
3. Detailed Reports
3.1 By Hierarchy

1. Summary
----------

+--------------------------+----------------------------------+
| Total On-Chip Power (W)  | 69.554 (Junction temp exceeded!) |
| Dynamic (W)              | 68.733                           |
| Device Static (W)        | 0.820                            |
| Total Off-Chip Power (W) | 0.526                            |
| Effective TJA (C/W)      | 4.6                              |
| Max Ambient (C)          | 0.0                              |
| Junction Temperature (C) | 125.0                            |
| Confidence Level         | Low                              |
| Setting File             | ---                              |
| Simulation Activity File | ---                              |
| Design Nets Matched      | NA                               |
+--------------------------+----------------------------------+


1.1 On-Chip Components
----------------------

+--------------------------+-----------+----------+-----------+-----------------+
| On-Chip                  | Power (W) | Used     | Available | Utilization (%) |
+--------------------------+-----------+----------+-----------+-----------------+
| Slice Logic              |    23.612 |    14908 |       --- |             --- |
|   LUT as Logic           |    21.178 |     6299 |     63400 |            9.94 |
|   LUT as Distributed RAM |     1.005 |      508 |     19000 |            2.67 |
|   Register               |     0.858 |     5669 |    126800 |            4.47 |
|   CARRY4                 |     0.481 |      239 |     15850 |            1.51 |
|   BUFG                   |     0.058 |       10 |        32 |           31.25 |
|   LUT as Shift Register  |     0.017 |      150 |     19000 |            0.79 |
|   F7/F8 Muxes            |     0.016 |       22 |     63400 |            0.03 |
|   Others                 |     0.000 |      232 |       --- |             --- |
|   BUFR                   |     0.000 |        4 |       120 |            3.33 |
| Signals                  |    24.937 |    12052 |       --- |             --- |
| Block RAM                |     2.096 |     11.5 |       135 |            8.52 |
| MMCM                     |     4.301 |        2 |         6 |           33.33 |
| PLL                      |     4.014 |        2 |         6 |           33.33 |
| DSPs                     |     0.059 |        2 |       240 |            0.83 |
| I/O                      |     7.588 |       71 |       210 |           33.81 |
| PHASER                   |     2.004 |       14 |       --- |             --- |
| XADC                     |     0.121 |        1 |       --- |             --- |
| Static Power             |     0.820 |          |           |                 |
| Total                    |    69.554 |          |           |                 |
+--------------------------+-----------+----------+-----------+-----------------+


1.2 Power Supply Summary
------------------------

+-----------+-------------+-----------+-------------+------------+
| Source    | Voltage (V) | Total (A) | Dynamic (A) | Static (A) |
+-----------+-------------+-----------+-------------+------------+
| Vccint    |       1.000 |    55.427 |      54.860 |      0.567 |
| Vccaux    |       1.800 |     5.953 |       5.860 |      0.093 |
| Vcco33    |       3.300 |     0.611 |       0.607 |      0.004 |
| Vcco25    |       2.500 |     0.231 |       0.227 |      0.004 |
| Vcco18    |       1.800 |     0.000 |       0.000 |      0.000 |
| Vcco15    |       1.500 |     0.688 |       0.684 |      0.004 |
| Vcco135   |       1.350 |     0.000 |       0.000 |      0.000 |
| Vcco12    |       1.200 |     0.000 |       0.000 |      0.000 |
| Vccaux_io |       1.800 |     0.000 |       0.000 |      0.000 |
| Vccbram   |       1.000 |     0.185 |       0.164 |      0.021 |
| MGTAVcc   |       1.000 |     0.000 |       0.000 |      0.000 |
| MGTAVtt   |       1.200 |     0.000 |       0.000 |      0.000 |
| Vccadc    |       1.800 |     0.070 |       0.050 |      0.020 |
+-----------+-------------+-----------+-------------+------------+


1.3 Confidence Level
--------------------

+-----------------------------+------------+--------------------------------------------------------+--------------------------------------------------------------------------------------------------------------------+
| User Input Data             | Confidence | Details                                                | Action                                                                                                             |
+-----------------------------+------------+--------------------------------------------------------+--------------------------------------------------------------------------------------------------------------------+
| Design implementation state | High       | Design is routed                                       |                                                                                                                    |
| Clock nodes activity        | Low        | User specified less than 75% of clocks                 | Provide missing clock activity with a constraint file, simulation results or by editing the "By Clock Domain" view |
| I/O nodes activity          | Low        | More than 75% of inputs are missing user specification | Provide missing input activity with simulation results or by editing the "By Resource Type -> I/Os" view           |
| Internal nodes activity     | Medium     | User specified less than 25% of internal nodes         | Provide missing internal nodes activity with simulation results or by editing the "By Resource Type" views         |
| Device models               | High       | Device models are Production                           |                                                                                                                    |
|                             |            |                                                        |                                                                                                                    |
| Overall confidence level    | Low        |                                                        |                                                                                                                    |
+-----------------------------+------------+--------------------------------------------------------+--------------------------------------------------------------------------------------------------------------------+


2. Settings
-----------

2.1 Environment
---------------

+-----------------------+--------------------------+
| Ambient Temp (C)      | 25.0                     |
| ThetaJA (C/W)         | 4.6                      |
| Airflow (LFM)         | 250                      |
| Heat Sink             | medium (Medium Profile)  |
| ThetaSA (C/W)         | 4.6                      |
| Board Selection       | medium (10"x10")         |
| # of Board Layers     | 12to15 (12 to 15 Layers) |
| Board Temperature (C) | 25.0                     |
+-----------------------+--------------------------+


2.2 Clock Constraints
---------------------

+-------+--------+-----------------+
| Clock | Domain | Constraint (ns) |
+-------+--------+-----------------+


3. Detailed Reports
-------------------

3.1 By Hierarchy
----------------

+-------------------------------------------------------------------------------------------------------+-----------+
| Name                                                                                                  | Power (W) |
+-------------------------------------------------------------------------------------------------------+-----------+
| ov13850_demo                                                                                          |    68.734 |
|   cam_ctl                                                                                             |     0.978 |
|     i2c_if                                                                                            |     0.250 |
|     regs                                                                                              |     0.498 |
|   csi_rx                                                                                              |     3.605 |
|     depacket                                                                                          |     0.213 |
|       ecc                                                                                             |    <0.001 |
|     link                                                                                              |     0.769 |
|       clkdet                                                                                          |     0.101 |
|       clkphy                                                                                          |     0.077 |
|       d0phy                                                                                           |     0.146 |
|       d1phy                                                                                           |     0.146 |
|       d2phy                                                                                           |     0.146 |
|       d3phy                                                                                           |     0.146 |
|       gen_bytealign[0].ba                                                                             |    <0.001 |
|       gen_bytealign[1].ba                                                                             |     0.001 |
|       gen_bytealign[2].ba                                                                             |    <0.001 |
|       gen_bytealign[3].ba                                                                             |     0.001 |
|       gen_idctl.idctrl                                                                                |     0.000 |
|       wordalign                                                                                       |     0.005 |
|     unpack10                                                                                          |     0.081 |
|     vout                                                                                              |     2.542 |
|       even_linebuf                                                                                    |     1.244 |
|       odd_linebuf                                                                                     |     0.632 |
|       output_timing                                                                                   |     0.519 |
|   db                                                                                                  |     0.481 |
|   dvi_tx                                                                                              |    12.301 |
|     clock_phy                                                                                         |     0.280 |
|     gen_lane[0].lane_enc                                                                              |     3.350 |
|     gen_lane[0].lane_phy                                                                              |     0.882 |
|     gen_lane[1].lane_enc                                                                              |     2.909 |
|     gen_lane[1].lane_phy                                                                              |     0.843 |
|     gen_lane[2].lane_enc                                                                              |     3.201 |
|     gen_lane[2].lane_phy                                                                              |     0.838 |
|   fbtest                                                                                              |    45.500 |
|     fbctl                                                                                             |     3.902 |
|       inbuf                                                                                           |     1.504 |
|         U0                                                                                            |     1.504 |
|           inst_blk_mem_gen                                                                            |     1.504 |
|             gnbram.gnativebmg.native_blk_mem_gen                                                      |     1.504 |
|               valid.cstr                                                                              |     1.504 |
|                 ramloop[0].ram.r                                                                      |     0.372 |
|                   prim_noinit.ram                                                                     |     0.372 |
|                 ramloop[1].ram.r                                                                      |     0.415 |
|                   prim_noinit.ram                                                                     |     0.415 |
|                 ramloop[2].ram.r                                                                      |     0.409 |
|                   prim_noinit.ram                                                                     |     0.409 |
|                 ramloop[3].ram.r                                                                      |     0.309 |
|                   prim_noinit.ram                                                                     |     0.309 |
|       outbuf                                                                                          |     1.131 |
|         U0                                                                                            |     1.131 |
|           inst_blk_mem_gen                                                                            |     1.131 |
|             gnbram.gnativebmg.native_blk_mem_gen                                                      |     1.131 |
|               valid.cstr                                                                              |     1.131 |
|                 ramloop[0].ram.r                                                                      |     0.246 |
|                   prim_noinit.ram                                                                     |     0.246 |
|                 ramloop[1].ram.r                                                                      |     0.274 |
|                   prim_noinit.ram                                                                     |     0.274 |
|                 ramloop[2].ram.r                                                                      |     0.316 |
|                   prim_noinit.ram                                                                     |     0.316 |
|                 ramloop[3].ram.r                                                                      |     0.295 |
|                   prim_noinit.ram                                                                     |     0.295 |
|     memctl                                                                                            |    41.232 |
|       ddr_byte_lane_A.ddr_byte_lane_A/dq_gen_40.if_post_fifo_gen.u_ddr_if_post_fifo/mem_reg_0_3_0_5   |     0.000 |
|       ddr_byte_lane_A.ddr_byte_lane_A/dq_gen_40.if_post_fifo_gen.u_ddr_if_post_fifo/mem_reg_0_3_12_17 |     0.000 |
|       ddr_byte_lane_A.ddr_byte_lane_A/dq_gen_40.if_post_fifo_gen.u_ddr_if_post_fifo/mem_reg_0_3_18_23 |     0.000 |
|       ddr_byte_lane_A.ddr_byte_lane_A/dq_gen_40.if_post_fifo_gen.u_ddr_if_post_fifo/mem_reg_0_3_24_29 |     0.000 |
|       ddr_byte_lane_A.ddr_byte_lane_A/dq_gen_40.if_post_fifo_gen.u_ddr_if_post_fifo/mem_reg_0_3_30_35 |     0.000 |
|       ddr_byte_lane_A.ddr_byte_lane_A/dq_gen_40.if_post_fifo_gen.u_ddr_if_post_fifo/mem_reg_0_3_36_41 |     0.000 |
|       ddr_byte_lane_A.ddr_byte_lane_A/dq_gen_40.if_post_fifo_gen.u_ddr_if_post_fifo/mem_reg_0_3_42_47 |     0.000 |
|       ddr_byte_lane_A.ddr_byte_lane_A/dq_gen_40.if_post_fifo_gen.u_ddr_if_post_fifo/mem_reg_0_3_48_53 |     0.000 |
|       ddr_byte_lane_A.ddr_byte_lane_A/dq_gen_40.if_post_fifo_gen.u_ddr_if_post_fifo/mem_reg_0_3_54_59 |     0.000 |
|       ddr_byte_lane_A.ddr_byte_lane_A/dq_gen_40.if_post_fifo_gen.u_ddr_if_post_fifo/mem_reg_0_3_60_65 |     0.000 |
|       ddr_byte_lane_A.ddr_byte_lane_A/dq_gen_40.if_post_fifo_gen.u_ddr_if_post_fifo/mem_reg_0_3_6_11  |     0.000 |
|       ddr_byte_lane_A.ddr_byte_lane_A/of_pre_fifo_gen.u_ddr_of_pre_fifo/mem_reg_0_15_0_5              |     0.024 |
|       ddr_byte_lane_A.ddr_byte_lane_A/of_pre_fifo_gen.u_ddr_of_pre_fifo/mem_reg_0_15_12_17            |     0.022 |
|       ddr_byte_lane_A.ddr_byte_lane_A/of_pre_fifo_gen.u_ddr_of_pre_fifo/mem_reg_0_15_18_23            |     0.024 |
|       ddr_byte_lane_A.ddr_byte_lane_A/of_pre_fifo_gen.u_ddr_of_pre_fifo/mem_reg_0_15_24_29            |     0.022 |
|       ddr_byte_lane_A.ddr_byte_lane_A/of_pre_fifo_gen.u_ddr_of_pre_fifo/mem_reg_0_15_30_35            |     0.024 |
|       ddr_byte_lane_A.ddr_byte_lane_A/of_pre_fifo_gen.u_ddr_of_pre_fifo/mem_reg_0_15_36_41            |     0.024 |
|       ddr_byte_lane_A.ddr_byte_lane_A/of_pre_fifo_gen.u_ddr_of_pre_fifo/mem_reg_0_15_42_47            |     0.024 |
|       ddr_byte_lane_A.ddr_byte_lane_A/of_pre_fifo_gen.u_ddr_of_pre_fifo/mem_reg_0_15_48_53            |     0.025 |
|       ddr_byte_lane_A.ddr_byte_lane_A/of_pre_fifo_gen.u_ddr_of_pre_fifo/mem_reg_0_15_54_59            |     0.024 |
|       ddr_byte_lane_A.ddr_byte_lane_A/of_pre_fifo_gen.u_ddr_of_pre_fifo/mem_reg_0_15_60_65            |     0.017 |
|       ddr_byte_lane_A.ddr_byte_lane_A/of_pre_fifo_gen.u_ddr_of_pre_fifo/mem_reg_0_15_66_71            |     0.000 |
|       ddr_byte_lane_A.ddr_byte_lane_A/of_pre_fifo_gen.u_ddr_of_pre_fifo/mem_reg_0_15_6_11             |     0.025 |
|       ddr_byte_lane_A.ddr_byte_lane_A/of_pre_fifo_gen.u_ddr_of_pre_fifo/mem_reg_0_15_72_77            |    <0.001 |
|       ddr_byte_lane_A.ddr_byte_lane_A/of_pre_fifo_gen.u_ddr_of_pre_fifo/mem_reg_0_15_78_79            |    <0.001 |
|       ddr_byte_lane_B.ddr_byte_lane_B/dq_gen_40.if_post_fifo_gen.u_ddr_if_post_fifo/mem_reg_0_3_0_5   |     0.000 |
|       ddr_byte_lane_B.ddr_byte_lane_B/dq_gen_40.if_post_fifo_gen.u_ddr_if_post_fifo/mem_reg_0_3_12_17 |     0.000 |
|       ddr_byte_lane_B.ddr_byte_lane_B/dq_gen_40.if_post_fifo_gen.u_ddr_if_post_fifo/mem_reg_0_3_24_29 |     0.000 |
|       ddr_byte_lane_B.ddr_byte_lane_B/dq_gen_40.if_post_fifo_gen.u_ddr_if_post_fifo/mem_reg_0_3_30_35 |     0.000 |
|       ddr_byte_lane_B.ddr_byte_lane_B/dq_gen_40.if_post_fifo_gen.u_ddr_if_post_fifo/mem_reg_0_3_36_41 |     0.000 |
|       ddr_byte_lane_B.ddr_byte_lane_B/dq_gen_40.if_post_fifo_gen.u_ddr_if_post_fifo/mem_reg_0_3_48_53 |     0.000 |
|       ddr_byte_lane_B.ddr_byte_lane_B/dq_gen_40.if_post_fifo_gen.u_ddr_if_post_fifo/mem_reg_0_3_54_59 |     0.000 |
|       ddr_byte_lane_B.ddr_byte_lane_B/dq_gen_40.if_post_fifo_gen.u_ddr_if_post_fifo/mem_reg_0_3_60_65 |     0.000 |
|       ddr_byte_lane_B.ddr_byte_lane_B/dq_gen_40.if_post_fifo_gen.u_ddr_if_post_fifo/mem_reg_0_3_66_71 |     0.000 |
|       ddr_byte_lane_B.ddr_byte_lane_B/dq_gen_40.if_post_fifo_gen.u_ddr_if_post_fifo/mem_reg_0_3_6_11  |     0.000 |
|       ddr_byte_lane_B.ddr_byte_lane_B/dq_gen_40.if_post_fifo_gen.u_ddr_if_post_fifo/mem_reg_0_3_72_77 |     0.000 |
|       ddr_byte_lane_B.ddr_byte_lane_B/dq_gen_40.if_post_fifo_gen.u_ddr_if_post_fifo/mem_reg_0_3_78_79 |     0.000 |
|       ddr_byte_lane_B.ddr_byte_lane_B/of_pre_fifo_gen.u_ddr_of_pre_fifo/mem_reg_0_15_0_5              |     0.024 |
|       ddr_byte_lane_B.ddr_byte_lane_B/of_pre_fifo_gen.u_ddr_of_pre_fifo/mem_reg_0_15_12_17            |     0.015 |
|       ddr_byte_lane_B.ddr_byte_lane_B/of_pre_fifo_gen.u_ddr_of_pre_fifo/mem_reg_0_15_18_23            |    <0.001 |
|       ddr_byte_lane_B.ddr_byte_lane_B/of_pre_fifo_gen.u_ddr_of_pre_fifo/mem_reg_0_15_24_29            |     0.023 |
|       ddr_byte_lane_B.ddr_byte_lane_B/of_pre_fifo_gen.u_ddr_of_pre_fifo/mem_reg_0_15_30_35            |     0.024 |
|       ddr_byte_lane_B.ddr_byte_lane_B/of_pre_fifo_gen.u_ddr_of_pre_fifo/mem_reg_0_15_36_41            |     0.015 |
|       ddr_byte_lane_B.ddr_byte_lane_B/of_pre_fifo_gen.u_ddr_of_pre_fifo/mem_reg_0_15_42_47            |     0.000 |
|       ddr_byte_lane_B.ddr_byte_lane_B/of_pre_fifo_gen.u_ddr_of_pre_fifo/mem_reg_0_15_48_53            |     0.025 |
|       ddr_byte_lane_B.ddr_byte_lane_B/of_pre_fifo_gen.u_ddr_of_pre_fifo/mem_reg_0_15_54_59            |     0.023 |
|       ddr_byte_lane_B.ddr_byte_lane_B/of_pre_fifo_gen.u_ddr_of_pre_fifo/mem_reg_0_15_60_65            |     0.025 |
|       ddr_byte_lane_B.ddr_byte_lane_B/of_pre_fifo_gen.u_ddr_of_pre_fifo/mem_reg_0_15_66_71            |     0.022 |
|       ddr_byte_lane_B.ddr_byte_lane_B/of_pre_fifo_gen.u_ddr_of_pre_fifo/mem_reg_0_15_6_11             |     0.023 |
|       ddr_byte_lane_B.ddr_byte_lane_B/of_pre_fifo_gen.u_ddr_of_pre_fifo/mem_reg_0_15_72_77            |     0.024 |
|       ddr_byte_lane_B.ddr_byte_lane_B/of_pre_fifo_gen.u_ddr_of_pre_fifo/mem_reg_0_15_78_79            |     0.008 |
|       ddr_byte_lane_D.ddr_byte_lane_D/of_pre_fifo_gen.u_ddr_of_pre_fifo/mem_reg_0_15_0_5              |     0.003 |
|       ddr_byte_lane_D.ddr_byte_lane_D/of_pre_fifo_gen.u_ddr_of_pre_fifo/mem_reg_0_15_12_17            |     0.006 |
|       ddr_byte_lane_D.ddr_byte_lane_D/of_pre_fifo_gen.u_ddr_of_pre_fifo/mem_reg_0_15_18_23            |    <0.001 |
|       ddr_byte_lane_D.ddr_byte_lane_D/of_pre_fifo_gen.u_ddr_of_pre_fifo/mem_reg_0_15_24_29            |     0.006 |
|       ddr_byte_lane_D.ddr_byte_lane_D/of_pre_fifo_gen.u_ddr_of_pre_fifo/mem_reg_0_15_30_35            |     0.006 |
|       ddr_byte_lane_D.ddr_byte_lane_D/of_pre_fifo_gen.u_ddr_of_pre_fifo/mem_reg_0_15_36_41            |     0.006 |
|       ddr_byte_lane_D.ddr_byte_lane_D/of_pre_fifo_gen.u_ddr_of_pre_fifo/mem_reg_0_15_42_47            |     0.008 |
|       ddr_byte_lane_D.ddr_byte_lane_D/of_pre_fifo_gen.u_ddr_of_pre_fifo/mem_reg_0_15_48_53            |     0.013 |
|       ddr_byte_lane_D.ddr_byte_lane_D/of_pre_fifo_gen.u_ddr_of_pre_fifo/mem_reg_0_15_54_59            |     0.007 |
|       ddr_byte_lane_D.ddr_byte_lane_D/of_pre_fifo_gen.u_ddr_of_pre_fifo/mem_reg_0_15_60_65            |     0.006 |
|       ddr_byte_lane_D.ddr_byte_lane_D/of_pre_fifo_gen.u_ddr_of_pre_fifo/mem_reg_0_15_66_71            |    <0.001 |
|       ddr_byte_lane_D.ddr_byte_lane_D/of_pre_fifo_gen.u_ddr_of_pre_fifo/mem_reg_0_15_6_11             |     0.007 |
|       ddr_byte_lane_D.ddr_byte_lane_D/of_pre_fifo_gen.u_ddr_of_pre_fifo/mem_reg_0_15_72_77            |     0.007 |
|       ddr_byte_lane_D.ddr_byte_lane_D/of_pre_fifo_gen.u_ddr_of_pre_fifo/mem_reg_0_15_78_79            |     0.000 |
|       u_ddr3_if_mig                                                                                   |    40.648 |
|         temp_mon_enabled.u_tempmon                                                                    |     0.331 |
|         u_ddr3_clk_ibuf                                                                               |     0.000 |
|         u_ddr3_infrastructure                                                                         |     4.048 |
|         u_iodelay_ctrl                                                                                |     0.000 |
|         u_memc_ui_top_axi                                                                             |    36.270 |
|           mem_intfc0                                                                                  |    26.732 |
|             ddr_phy_top0                                                                              |    22.744 |
|               u_ddr_calib_top                                                                         |    15.538 |
|                 ddr_phy_prbs_rdlvl_gen.u_ddr_phy_prbs_rdlvl                                           |     2.328 |
|                 ddr_phy_rdlvl_gen.u_ddr_phy_rdlvl                                                     |     1.603 |
|                 ddr_phy_tempmon_0                                                                     |     0.309 |
|                 dqsfind_calib_left.u_ddr_phy_dqs_found_cal_hr                                         |     0.395 |
|                 mb_wrlvl_inst.u_ddr_phy_ck_addr_cmd_delay                                             |     0.036 |
|                 mb_wrlvl_inst.u_ddr_phy_wrlvl                                                         |     1.812 |
|                 u_ddr_phy_init                                                                        |     7.226 |
|                 u_ddr_phy_wrcal                                                                       |     0.399 |
|                 u_ddr_prbs_gen                                                                        |     1.367 |
|               u_ddr_mc_phy_wrapper                                                                    |     7.203 |
|                 gen_dq_iobuf_HR.gen_dq_iobuf[0].u_iobuf_dq                                            |     0.055 |
|                 gen_dq_iobuf_HR.gen_dq_iobuf[10].u_iobuf_dq                                           |     0.055 |
|                 gen_dq_iobuf_HR.gen_dq_iobuf[11].u_iobuf_dq                                           |     0.055 |
|                 gen_dq_iobuf_HR.gen_dq_iobuf[12].u_iobuf_dq                                           |     0.055 |
|                 gen_dq_iobuf_HR.gen_dq_iobuf[13].u_iobuf_dq                                           |     0.055 |
|                 gen_dq_iobuf_HR.gen_dq_iobuf[14].u_iobuf_dq                                           |     0.055 |
|                 gen_dq_iobuf_HR.gen_dq_iobuf[15].u_iobuf_dq                                           |     0.055 |
|                 gen_dq_iobuf_HR.gen_dq_iobuf[1].u_iobuf_dq                                            |     0.055 |
|                 gen_dq_iobuf_HR.gen_dq_iobuf[2].u_iobuf_dq                                            |     0.055 |
|                 gen_dq_iobuf_HR.gen_dq_iobuf[3].u_iobuf_dq                                            |     0.055 |
|                 gen_dq_iobuf_HR.gen_dq_iobuf[4].u_iobuf_dq                                            |     0.055 |
|                 gen_dq_iobuf_HR.gen_dq_iobuf[5].u_iobuf_dq                                            |     0.055 |
|                 gen_dq_iobuf_HR.gen_dq_iobuf[6].u_iobuf_dq                                            |     0.055 |
|                 gen_dq_iobuf_HR.gen_dq_iobuf[7].u_iobuf_dq                                            |     0.055 |
|                 gen_dq_iobuf_HR.gen_dq_iobuf[8].u_iobuf_dq                                            |     0.055 |
|                 gen_dq_iobuf_HR.gen_dq_iobuf[9].u_iobuf_dq                                            |     0.055 |
|                 gen_dqs_iobuf_HR.gen_dqs_iobuf[0].gen_dqs_diff.u_iobuf_dqs                            |     0.136 |
|                   OBUFTDS                                                                             |     0.116 |
|                 gen_dqs_iobuf_HR.gen_dqs_iobuf[1].gen_dqs_diff.u_iobuf_dqs                            |     0.136 |
|                   OBUFTDS                                                                             |     0.116 |
|                 u_ddr_mc_phy                                                                          |     4.120 |
|                   ddr_phy_4lanes_0.u_ddr_phy_4lanes                                                   |     4.120 |
|                     ddr_byte_lane_A.ddr_byte_lane_A                                                   |     0.886 |
|                       ddr_byte_group_io                                                               |     0.043 |
|                       dq_gen_40.if_post_fifo_gen.u_ddr_if_post_fifo                                   |     0.261 |
|                       of_pre_fifo_gen.u_ddr_of_pre_fifo                                               |     0.036 |
|                     ddr_byte_lane_B.ddr_byte_lane_B                                                   |     0.899 |
|                       ddr_byte_group_io                                                               |     0.036 |
|                       dq_gen_40.if_post_fifo_gen.u_ddr_if_post_fifo                                   |     0.275 |
|                       of_pre_fifo_gen.u_ddr_of_pre_fifo                                               |     0.035 |
|                     ddr_byte_lane_C.ddr_byte_lane_C                                                   |     1.082 |
|                       ddr_byte_group_io                                                               |     0.019 |
|                       ddr_ck_gen_loop[0].ddr_ck_gen.ddr_ck_obuf                                       |     0.371 |
|                       of_pre_fifo_gen.u_ddr_of_pre_fifo                                               |     0.299 |
|                         mem_reg_0_15_0_5                                                              |     0.007 |
|                         mem_reg_0_15_12_17                                                            |     0.005 |
|                         mem_reg_0_15_18_23                                                            |    <0.001 |
|                         mem_reg_0_15_24_29                                                            |     0.006 |
|                         mem_reg_0_15_30_35                                                            |     0.006 |
|                         mem_reg_0_15_36_41                                                            |     0.006 |
|                         mem_reg_0_15_42_47                                                            |     0.007 |
|                         mem_reg_0_15_48_53                                                            |     0.008 |
|                         mem_reg_0_15_54_59                                                            |     0.007 |
|                         mem_reg_0_15_60_65                                                            |     0.000 |
|                         mem_reg_0_15_6_11                                                             |     0.006 |
|                     ddr_byte_lane_D.ddr_byte_lane_D                                                   |     0.682 |
|                       ddr_byte_group_io                                                               |     0.029 |
|                       of_pre_fifo_gen.u_ddr_of_pre_fifo                                               |     0.237 |
|             mc0                                                                                       |     3.988 |
|               bank_mach0                                                                              |     2.785 |
|                 arb_mux0                                                                              |     0.812 |
|                   arb_row_col0                                                                        |     0.807 |
|                     col_arb0                                                                          |     0.301 |
|                     pre_4_1_1T_arb.pre_arb0                                                           |     0.164 |
|                     row_arb0                                                                          |     0.234 |
|                   arb_select0                                                                         |     0.005 |
|                 bank_cntrl[0].bank0                                                                   |     0.451 |
|                   bank_compare0                                                                       |     0.188 |
|                   bank_queue0                                                                         |     0.217 |
|                   bank_state0                                                                         |     0.046 |
|                 bank_cntrl[1].bank0                                                                   |     0.359 |
|                   bank_compare0                                                                       |     0.126 |
|                   bank_queue0                                                                         |     0.180 |
|                   bank_state0                                                                         |     0.053 |
|                 bank_cntrl[2].bank0                                                                   |     0.451 |
|                   bank_compare0                                                                       |     0.190 |
|                   bank_queue0                                                                         |     0.191 |
|                   bank_state0                                                                         |     0.071 |
|                 bank_cntrl[3].bank0                                                                   |     0.409 |
|                   bank_compare0                                                                       |     0.168 |
|                   bank_queue0                                                                         |     0.196 |
|                   bank_state0                                                                         |     0.046 |
|                 bank_common0                                                                          |     0.301 |
|               col_mach0                                                                               |     0.357 |
|                 read_fifo.fifo_ram[0].RAM32M0                                                         |     0.025 |
|                 read_fifo.fifo_ram[1].RAM32M0                                                         |     0.005 |
|               rank_mach0                                                                              |     0.377 |
|                 rank_cntrl[0].rank_cntrl0                                                             |     0.091 |
|                 rank_common0                                                                          |     0.286 |
|                   maintenance_request.maint_arb0                                                      |     0.048 |
|           u_axi_mc                                                                                    |     6.363 |
|             axi_mc_ar_channel_0                                                                       |     1.055 |
|               ar_cmd_fsm_0                                                                            |     0.853 |
|               axi_mc_cmd_translator_0                                                                 |     0.144 |
|                 axi_mc_incr_cmd_0                                                                     |     0.144 |
|                 axi_mc_wrap_cmd_0                                                                     |     0.000 |
|             axi_mc_aw_channel_0                                                                       |     0.893 |
|               aw_cmd_fsm_0                                                                            |     0.699 |
|               axi_mc_cmd_translator_0                                                                 |     0.130 |
|                 axi_mc_incr_cmd_0                                                                     |     0.130 |
|                 axi_mc_wrap_cmd_0                                                                     |     0.000 |
|             axi_mc_b_channel_0                                                                        |     0.136 |
|               bid_fifo_0                                                                              |     0.136 |
|             axi_mc_cmd_arbiter_0                                                                      |     0.092 |
|             axi_mc_r_channel_0                                                                        |     1.165 |
|               rd_data_fifo_0                                                                          |     1.078 |
|               transaction_fifo_0                                                                      |     0.086 |
|             axi_mc_w_channel_0                                                                        |     3.022 |
|           u_ui_top                                                                                    |     3.174 |
|             ui_cmd0                                                                                   |     0.458 |
|             ui_rd_data0                                                                               |     0.909 |
|               not_strict_mode.rd_buf.rd_buffer_ram[0].RAM32M0                                         |     0.002 |
|               not_strict_mode.rd_buf.rd_buffer_ram[10].RAM32M0                                        |     0.002 |
|               not_strict_mode.rd_buf.rd_buffer_ram[11].RAM32M0                                        |     0.002 |
|               not_strict_mode.rd_buf.rd_buffer_ram[12].RAM32M0                                        |     0.002 |
|               not_strict_mode.rd_buf.rd_buffer_ram[13].RAM32M0                                        |     0.002 |
|               not_strict_mode.rd_buf.rd_buffer_ram[14].RAM32M0                                        |     0.002 |
|               not_strict_mode.rd_buf.rd_buffer_ram[15].RAM32M0                                        |     0.002 |
|               not_strict_mode.rd_buf.rd_buffer_ram[16].RAM32M0                                        |     0.002 |
|               not_strict_mode.rd_buf.rd_buffer_ram[17].RAM32M0                                        |     0.002 |
|               not_strict_mode.rd_buf.rd_buffer_ram[18].RAM32M0                                        |     0.002 |
|               not_strict_mode.rd_buf.rd_buffer_ram[19].RAM32M0                                        |     0.002 |
|               not_strict_mode.rd_buf.rd_buffer_ram[1].RAM32M0                                         |     0.002 |
|               not_strict_mode.rd_buf.rd_buffer_ram[20].RAM32M0                                        |     0.002 |
|               not_strict_mode.rd_buf.rd_buffer_ram[21].RAM32M0                                        |    <0.001 |
|               not_strict_mode.rd_buf.rd_buffer_ram[2].RAM32M0                                         |     0.002 |
|               not_strict_mode.rd_buf.rd_buffer_ram[3].RAM32M0                                         |     0.002 |
|               not_strict_mode.rd_buf.rd_buffer_ram[4].RAM32M0                                         |     0.002 |
|               not_strict_mode.rd_buf.rd_buffer_ram[5].RAM32M0                                         |     0.002 |
|               not_strict_mode.rd_buf.rd_buffer_ram[6].RAM32M0                                         |     0.002 |
|               not_strict_mode.rd_buf.rd_buffer_ram[7].RAM32M0                                         |     0.002 |
|               not_strict_mode.rd_buf.rd_buffer_ram[8].RAM32M0                                         |     0.002 |
|               not_strict_mode.rd_buf.rd_buffer_ram[9].RAM32M0                                         |     0.002 |
|               not_strict_mode.status_ram.RAM32M0                                                      |     0.004 |
|             ui_wr_data0                                                                               |     1.807 |
|               pointer_ram.rams[0].RAM32M0                                                             |     0.036 |
|               pointer_ram.rams[1].RAM32M0                                                             |     0.019 |
|               write_buffer.wr_buffer_ram[0].RAM32M0                                                   |     0.022 |
|               write_buffer.wr_buffer_ram[10].RAM32M0                                                  |     0.023 |
|               write_buffer.wr_buffer_ram[11].RAM32M0                                                  |     0.023 |
|               write_buffer.wr_buffer_ram[12].RAM32M0                                                  |     0.023 |
|               write_buffer.wr_buffer_ram[13].RAM32M0                                                  |     0.023 |
|               write_buffer.wr_buffer_ram[14].RAM32M0                                                  |     0.023 |
|               write_buffer.wr_buffer_ram[15].RAM32M0                                                  |     0.023 |
|               write_buffer.wr_buffer_ram[16].RAM32M0                                                  |     0.023 |
|               write_buffer.wr_buffer_ram[17].RAM32M0                                                  |     0.023 |
|               write_buffer.wr_buffer_ram[18].RAM32M0                                                  |     0.023 |
|               write_buffer.wr_buffer_ram[19].RAM32M0                                                  |     0.023 |
|               write_buffer.wr_buffer_ram[1].RAM32M0                                                   |     0.022 |
|               write_buffer.wr_buffer_ram[20].RAM32M0                                                  |     0.023 |
|               write_buffer.wr_buffer_ram[21].RAM32M0                                                  |     0.008 |
|               write_buffer.wr_buffer_ram[22].RAM32M0                                                  |    <0.001 |
|               write_buffer.wr_buffer_ram[23].RAM32M0                                                  |    <0.001 |
|               write_buffer.wr_buffer_ram[2].RAM32M0                                                   |     0.022 |
|               write_buffer.wr_buffer_ram[3].RAM32M0                                                   |     0.022 |
|               write_buffer.wr_buffer_ram[4].RAM32M0                                                   |     0.022 |
|               write_buffer.wr_buffer_ram[5].RAM32M0                                                   |     0.022 |
|               write_buffer.wr_buffer_ram[6].RAM32M0                                                   |     0.022 |
|               write_buffer.wr_buffer_ram[7].RAM32M0                                                   |     0.022 |
|               write_buffer.wr_buffer_ram[8].RAM32M0                                                   |     0.022 |
|               write_buffer.wr_buffer_ram[9].RAM32M0                                                   |     0.023 |
|     output                                                                                            |     0.365 |
|       tmg_gen                                                                                         |     0.365 |
|   pll1                                                                                                |     3.081 |
|     inst                                                                                              |     3.081 |
|   pll2                                                                                                |     1.626 |
|     inst                                                                                              |     1.626 |
|   wb                                                                                                  |     0.509 |
+-------------------------------------------------------------------------------------------------------+-----------+


